[INFO] Scanning for projects...
[INFO] 
[INFO] -----------------------< com.fern:audit-service >-----------------------
[INFO] Building audit-service 1.0-SNAPSHOT
[INFO]   from pom.xml
[INFO] --------------------------------[ jar ]---------------------------------
[INFO] 
[INFO] >>> spring-boot:3.5.8:run (default-cli) > test-compile @ audit-service >>>
[INFO] 
[INFO] --- resources:3.3.1:resources (default-resources) @ audit-service ---
[INFO] Copying 1 resource from src/main/resources to target/classes
[INFO] Copying 1 resource from src/main/resources to target/classes
[INFO] 
[INFO] --- compiler:3.14.1:compile (default-compile) @ audit-service ---
[INFO] Nothing to compile - all classes are up to date.
[INFO] 
[INFO] --- resources:3.3.1:testResources (default-testResources) @ audit-service ---
[INFO] skip non existing resourceDirectory /Users/nguyenhien/Documents/FERN/backend/services/audit-service/src/test/resources
[INFO] 
[INFO] --- compiler:3.14.1:testCompile (default-testCompile) @ audit-service ---
[INFO] Nothing to compile - all classes are up to date.
[INFO] 
[INFO] <<< spring-boot:3.5.8:run (default-cli) < test-compile @ audit-service <<<
[INFO] 
[INFO] 
[INFO] --- spring-boot:3.5.8:run (default-cli) @ audit-service ---
[INFO] Attaching agents: []

  .   ____          _            __ _ _
 /\\ / ___'_ __ _ _(_)_ __  __ _ \ \ \ \
( ( )\___ | '_ | '_| | '_ \/ _` | \ \ \ \
 \\/  ___)| |_)| | | | | || (_| |  ) ) ) )
  '  |____| .__|_| |_|_| |_\__, | / / / /
 =========|_|==============|___/=/_/_/_/

 :: Spring Boot ::                (v3.5.8)

2026-04-01T13:32:57.956+07:00  INFO 87230 --- [audit-service] [           main] c.f.a.AuditServiceApplication            : Starting AuditServiceApplication using Java 24.0.2 with PID 87230 (/Users/nguyenhien/Documents/FERN/backend/services/audit-service/target/classes started by nguyenhien in /Users/nguyenhien/Documents/FERN/backend/services/audit-service)
2026-04-01T13:32:57.958+07:00  INFO 87230 --- [audit-service] [           main] c.f.a.AuditServiceApplication            : The following 1 profile is active: "local"
2026-04-01T13:32:58.729+07:00  INFO 87230 --- [audit-service] [           main] .s.d.r.c.RepositoryConfigurationDelegate : Multiple Spring Data modules found, entering strict repository configuration mode
2026-04-01T13:32:58.730+07:00  INFO 87230 --- [audit-service] [           main] .s.d.r.c.RepositoryConfigurationDelegate : Bootstrapping Spring Data Redis repositories in DEFAULT mode.
2026-04-01T13:32:58.761+07:00  INFO 87230 --- [audit-service] [           main] .s.d.r.c.RepositoryConfigurationDelegate : Finished Spring Data repository scanning in 23 ms. Found 0 Redis repository interfaces.
2026-04-01T13:32:59.302+07:00  INFO 87230 --- [audit-service] [           main] o.s.b.w.embedded.tomcat.TomcatWebServer  : Tomcat initialized with port 8084 (http)
2026-04-01T13:32:59.308+07:00  INFO 87230 --- [audit-service] [           main] o.apache.catalina.core.StandardService   : Starting service [Tomcat]
2026-04-01T13:32:59.308+07:00  INFO 87230 --- [audit-service] [           main] o.apache.catalina.core.StandardEngine    : Starting Servlet engine: [Apache Tomcat/10.1.49]
2026-04-01T13:32:59.360+07:00  INFO 87230 --- [audit-service] [           main] o.a.c.c.C.[Tomcat].[localhost].[/]       : Initializing Spring embedded WebApplicationContext
2026-04-01T13:32:59.362+07:00  INFO 87230 --- [audit-service] [           main] w.s.c.ServletWebServerApplicationContext : Root WebApplicationContext: initialization completed in 1376 ms
2026-04-01T13:32:59.695+07:00  INFO 87230 --- [audit-service] [           main] com.zaxxer.hikari.HikariDataSource       : HikariPool-1 - Starting...
2026-04-01T13:32:59.901+07:00  INFO 87230 --- [audit-service] [           main] com.zaxxer.hikari.pool.HikariPool        : HikariPool-1 - Added connection org.postgresql.jdbc.PgConnection@6f106af8
2026-04-01T13:32:59.904+07:00  INFO 87230 --- [audit-service] [           main] com.zaxxer.hikari.HikariDataSource       : HikariPool-1 - Start completed.
2026-04-01T13:32:59.925+07:00  INFO 87230 --- [audit-service] [           main] org.flywaydb.core.FlywayExecutor         : Database: jdbc:postgresql://127.0.0.1:55432/fern_master?currentSchema=audit (PostgreSQL 17.9)
2026-04-01T13:33:00.056+07:00  INFO 87230 --- [audit-service] [           main] o.f.core.internal.command.DbValidate     : Successfully validated 2 migrations (execution time 00:00.023s)
2026-04-01T13:33:00.115+07:00  INFO 87230 --- [audit-service] [           main] o.f.core.internal.command.DbMigrate      : Current version of schema "audit": 1
2026-04-01T13:33:00.120+07:00  INFO 87230 --- [audit-service] [           main] o.f.core.internal.command.DbMigrate      : Schema "audit" is up to date. No migration necessary.
2026-04-01T13:33:00.265+07:00  WARN 87230 --- [audit-service] [           main] .s.s.UserDetailsServiceAutoConfiguration : 

Using generated security password: 7f25364a-23d9-46d1-b504-6db056e84f93

This generated password is for development use only. Your security configuration must be updated before running your application in production.

2026-04-01T13:33:00.268+07:00  INFO 87230 --- [audit-service] [           main] r$InitializeUserDetailsManagerConfigurer : Global AuthenticationManager configured with UserDetailsService bean with name inMemoryUserDetailsManager
WARNING: A terminally deprecated method in sun.misc.Unsafe has been called
WARNING: sun.misc.Unsafe::allocateMemory has been called by io.netty.util.internal.PlatformDependent0$2 (file:/Users/nguyenhien/.m2/repository/io/netty/netty-common/4.1.128.Final/netty-common-4.1.128.Final.jar)
WARNING: Please consider reporting this to the maintainers of class io.netty.util.internal.PlatformDependent0$2
WARNING: sun.misc.Unsafe::allocateMemory will be removed in a future release
2026-04-01T13:33:00.566+07:00  INFO 87230 --- [audit-service] [           main] o.s.b.a.e.web.EndpointLinksResolver      : Exposing 3 endpoints beneath base path '/actuator'
2026-04-01T13:33:00.953+07:00  INFO 87230 --- [audit-service] [           main] o.s.b.w.embedded.tomcat.TomcatWebServer  : Tomcat started on port 8084 (http) with context path '/'
2026-04-01T13:33:00.984+07:00  INFO 87230 --- [audit-service] [           main] o.a.k.clients.consumer.ConsumerConfig    : ConsumerConfig values: 
	allow.auto.create.topics = true
	auto.commit.interval.ms = 5000
	auto.include.jmx.reporter = true
	auto.offset.reset = earliest
	bootstrap.servers = [localhost:9092]
	check.crcs = true
	client.dns.lookup = use_all_dns_ips
	client.id = consumer-audit-service-1
	client.rack = 
	connections.max.idle.ms = 540000
	default.api.timeout.ms = 60000
	enable.auto.commit = false
	enable.metrics.push = true
	exclude.internal.topics = true
	fetch.max.bytes = 52428800
	fetch.max.wait.ms = 500
	fetch.min.bytes = 1
	group.id = audit-service
	group.instance.id = null
	group.protocol = classic
	group.remote.assignor = null
	heartbeat.interval.ms = 3000
	interceptor.classes = []
	internal.leave.group.on.close = true
	internal.throw.on.fetch.stable.offset.unsupported = false
	isolation.level = read_uncommitted
	key.deserializer = class org.apache.kafka.common.serialization.StringDeserializer
	max.partition.fetch.bytes = 1048576
	max.poll.interval.ms = 300000
	max.poll.records = 500
	metadata.max.age.ms = 300000
	metadata.recovery.strategy = none
	metric.reporters = []
	metrics.num.samples = 2
	metrics.recording.level = INFO
	metrics.sample.window.ms = 30000
	partition.assignment.strategy = [class org.apache.kafka.clients.consumer.RangeAssignor, class org.apache.kafka.clients.consumer.CooperativeStickyAssignor]
	receive.buffer.bytes = 65536
	reconnect.backoff.max.ms = 1000
	reconnect.backoff.ms = 50
	request.timeout.ms = 30000
	retry.backoff.max.ms = 1000
	retry.backoff.ms = 100
	sasl.client.callback.handler.class = null
	sasl.jaas.config = null
	sasl.kerberos.kinit.cmd = /usr/bin/kinit
	sasl.kerberos.min.time.before.relogin = 60000
	sasl.kerberos.service.name = null
	sasl.kerberos.ticket.renew.jitter = 0.05
	sasl.kerberos.ticket.renew.window.factor = 0.8
	sasl.login.callback.handler.class = null
	sasl.login.class = null
	sasl.login.connect.timeout.ms = null
	sasl.login.read.timeout.ms = null
	sasl.login.refresh.buffer.seconds = 300
	sasl.login.refresh.min.period.seconds = 60
	sasl.login.refresh.window.factor = 0.8
	sasl.login.refresh.window.jitter = 0.05
	sasl.login.retry.backoff.max.ms = 10000
	sasl.login.retry.backoff.ms = 100
	sasl.mechanism = GSSAPI
	sasl.oauthbearer.clock.skew.seconds = 30
	sasl.oauthbearer.expected.audience = null
	sasl.oauthbearer.expected.issuer = null
	sasl.oauthbearer.header.urlencode = false
	sasl.oauthbearer.jwks.endpoint.refresh.ms = 3600000
	sasl.oauthbearer.jwks.endpoint.retry.backoff.max.ms = 10000
	sasl.oauthbearer.jwks.endpoint.retry.backoff.ms = 100
	sasl.oauthbearer.jwks.endpoint.url = null
	sasl.oauthbearer.scope.claim.name = scope
	sasl.oauthbearer.sub.claim.name = sub
	sasl.oauthbearer.token.endpoint.url = null
	security.protocol = PLAINTEXT
	security.providers = null
	send.buffer.bytes = 131072
	session.timeout.ms = 45000
	socket.connection.setup.timeout.max.ms = 30000
	socket.connection.setup.timeout.ms = 10000
	ssl.cipher.suites = null
	ssl.enabled.protocols = [TLSv1.2, TLSv1.3]
	ssl.endpoint.identification.algorithm = https
	ssl.engine.factory.class = null
	ssl.key.password = null
	ssl.keymanager.algorithm = SunX509
	ssl.keystore.certificate.chain = null
	ssl.keystore.key = null
	ssl.keystore.location = null
	ssl.keystore.password = null
	ssl.keystore.type = JKS
	ssl.protocol = TLSv1.3
	ssl.provider = null
	ssl.secure.random.implementation = null
	ssl.trustmanager.algorithm = PKIX
	ssl.truststore.certificates = null
	ssl.truststore.location = null
	ssl.truststore.password = null
	ssl.truststore.type = JKS
	value.deserializer = class org.apache.kafka.common.serialization.StringDeserializer

2026-04-01T13:33:01.029+07:00  INFO 87230 --- [audit-service] [           main] o.a.k.c.t.i.KafkaMetricsCollector        : initializing Kafka metrics collector
2026-04-01T13:33:01.134+07:00  INFO 87230 --- [audit-service] [           main] o.a.kafka.common.utils.AppInfoParser     : Kafka version: 3.9.1
2026-04-01T13:33:01.134+07:00  INFO 87230 --- [audit-service] [           main] o.a.kafka.common.utils.AppInfoParser     : Kafka commitId: f745dfdcee2b9851
2026-04-01T13:33:01.134+07:00  INFO 87230 --- [audit-service] [           main] o.a.kafka.common.utils.AppInfoParser     : Kafka startTimeMs: 1775025181134
2026-04-01T13:33:01.143+07:00  INFO 87230 --- [audit-service] [           main] o.a.k.c.c.i.ClassicKafkaConsumer         : [Consumer clientId=consumer-audit-service-1, groupId=audit-service] Subscribed to topic(s): request.trace
2026-04-01T13:33:01.148+07:00  INFO 87230 --- [audit-service] [           main] o.a.k.clients.consumer.ConsumerConfig    : ConsumerConfig values: 
	allow.auto.create.topics = true
	auto.commit.interval.ms = 5000
	auto.include.jmx.reporter = true
	auto.offset.reset = earliest
	bootstrap.servers = [localhost:9092]
	check.crcs = true
	client.dns.lookup = use_all_dns_ips
	client.id = consumer-audit-service-2
	client.rack = 
	connections.max.idle.ms = 540000
	default.api.timeout.ms = 60000
	enable.auto.commit = false
	enable.metrics.push = true
	exclude.internal.topics = true
	fetch.max.bytes = 52428800
	fetch.max.wait.ms = 500
	fetch.min.bytes = 1
	group.id = audit-service
	group.instance.id = null
	group.protocol = classic
	group.remote.assignor = null
	heartbeat.interval.ms = 3000
	interceptor.classes = []
	internal.leave.group.on.close = true
	internal.throw.on.fetch.stable.offset.unsupported = false
	isolation.level = read_uncommitted
	key.deserializer = class org.apache.kafka.common.serialization.StringDeserializer
	max.partition.fetch.bytes = 1048576
	max.poll.interval.ms = 300000
	max.poll.records = 500
	metadata.max.age.ms = 300000
	metadata.recovery.strategy = none
	metric.reporters = []
	metrics.num.samples = 2
	metrics.recording.level = INFO
	metrics.sample.window.ms = 30000
	partition.assignment.strategy = [class org.apache.kafka.clients.consumer.RangeAssignor, class org.apache.kafka.clients.consumer.CooperativeStickyAssignor]
	receive.buffer.bytes = 65536
	reconnect.backoff.max.ms = 1000
	reconnect.backoff.ms = 50
	request.timeout.ms = 30000
	retry.backoff.max.ms = 1000
	retry.backoff.ms = 100
	sasl.client.callback.handler.class = null
	sasl.jaas.config = null
	sasl.kerberos.kinit.cmd = /usr/bin/kinit
	sasl.kerberos.min.time.before.relogin = 60000
	sasl.kerberos.service.name = null
	sasl.kerberos.ticket.renew.jitter = 0.05
	sasl.kerberos.ticket.renew.window.factor = 0.8
	sasl.login.callback.handler.class = null
	sasl.login.class = null
	sasl.login.connect.timeout.ms = null
	sasl.login.read.timeout.ms = null
	sasl.login.refresh.buffer.seconds = 300
	sasl.login.refresh.min.period.seconds = 60
	sasl.login.refresh.window.factor = 0.8
	sasl.login.refresh.window.jitter = 0.05
	sasl.login.retry.backoff.max.ms = 10000
	sasl.login.retry.backoff.ms = 100
	sasl.mechanism = GSSAPI
	sasl.oauthbearer.clock.skew.seconds = 30
	sasl.oauthbearer.expected.audience = null
	sasl.oauthbearer.expected.issuer = null
	sasl.oauthbearer.header.urlencode = false
	sasl.oauthbearer.jwks.endpoint.refresh.ms = 3600000
	sasl.oauthbearer.jwks.endpoint.retry.backoff.max.ms = 10000
	sasl.oauthbearer.jwks.endpoint.retry.backoff.ms = 100
	sasl.oauthbearer.jwks.endpoint.url = null
	sasl.oauthbearer.scope.claim.name = scope
	sasl.oauthbearer.sub.claim.name = sub
	sasl.oauthbearer.token.endpoint.url = null
	security.protocol = PLAINTEXT
	security.providers = null
	send.buffer.bytes = 131072
	session.timeout.ms = 45000
	socket.connection.setup.timeout.max.ms = 30000
	socket.connection.setup.timeout.ms = 10000
	ssl.cipher.suites = null
	ssl.enabled.protocols = [TLSv1.2, TLSv1.3]
	ssl.endpoint.identification.algorithm = https
	ssl.engine.factory.class = null
	ssl.key.password = null
	ssl.keymanager.algorithm = SunX509
	ssl.keystore.certificate.chain = null
	ssl.keystore.key = null
	ssl.keystore.location = null
	ssl.keystore.password = null
	ssl.keystore.type = JKS
	ssl.protocol = TLSv1.3
	ssl.provider = null
	ssl.secure.random.implementation = null
	ssl.trustmanager.algorithm = PKIX
	ssl.truststore.certificates = null
	ssl.truststore.location = null
	ssl.truststore.password = null
	ssl.truststore.type = JKS
	value.deserializer = class org.apache.kafka.common.serialization.StringDeserializer

2026-04-01T13:33:01.149+07:00  INFO 87230 --- [audit-service] [           main] o.a.k.c.t.i.KafkaMetricsCollector        : initializing Kafka metrics collector
2026-04-01T13:33:01.154+07:00  INFO 87230 --- [audit-service] [           main] o.a.kafka.common.utils.AppInfoParser     : Kafka version: 3.9.1
2026-04-01T13:33:01.154+07:00  INFO 87230 --- [audit-service] [           main] o.a.kafka.common.utils.AppInfoParser     : Kafka commitId: f745dfdcee2b9851
2026-04-01T13:33:01.154+07:00  INFO 87230 --- [audit-service] [           main] o.a.kafka.common.utils.AppInfoParser     : Kafka startTimeMs: 1775025181154
2026-04-01T13:33:01.157+07:00  INFO 87230 --- [audit-service] [           main] o.a.k.c.c.i.ClassicKafkaConsumer         : [Consumer clientId=consumer-audit-service-2, groupId=audit-service] Subscribed to topic(s): audit.event
2026-04-01T13:33:01.158+07:00  INFO 87230 --- [audit-service] [           main] o.a.k.clients.consumer.ConsumerConfig    : ConsumerConfig values: 
	allow.auto.create.topics = true
	auto.commit.interval.ms = 5000
	auto.include.jmx.reporter = true
	auto.offset.reset = earliest
	bootstrap.servers = [localhost:9092]
	check.crcs = true
	client.dns.lookup = use_all_dns_ips
	client.id = consumer-audit-service-3
	client.rack = 
	connections.max.idle.ms = 540000
	default.api.timeout.ms = 60000
	enable.auto.commit = false
	enable.metrics.push = true
	exclude.internal.topics = true
	fetch.max.bytes = 52428800
	fetch.max.wait.ms = 500
	fetch.min.bytes = 1
	group.id = audit-service
	group.instance.id = null
	group.protocol = classic
	group.remote.assignor = null
	heartbeat.interval.ms = 3000
	interceptor.classes = []
	internal.leave.group.on.close = true
	internal.throw.on.fetch.stable.offset.unsupported = false
	isolation.level = read_uncommitted
	key.deserializer = class org.apache.kafka.common.serialization.StringDeserializer
	max.partition.fetch.bytes = 1048576
	max.poll.interval.ms = 300000
	max.poll.records = 500
	metadata.max.age.ms = 300000
	metadata.recovery.strategy = none
	metric.reporters = []
	metrics.num.samples = 2
	metrics.recording.level = INFO
	metrics.sample.window.ms = 30000
	partition.assignment.strategy = [class org.apache.kafka.clients.consumer.RangeAssignor, class org.apache.kafka.clients.consumer.CooperativeStickyAssignor]
	receive.buffer.bytes = 65536
	reconnect.backoff.max.ms = 1000
	reconnect.backoff.ms = 50
	request.timeout.ms = 30000
	retry.backoff.max.ms = 1000
	retry.backoff.ms = 100
	sasl.client.callback.handler.class = null
	sasl.jaas.config = null
	sasl.kerberos.kinit.cmd = /usr/bin/kinit
	sasl.kerberos.min.time.before.relogin = 60000
	sasl.kerberos.service.name = null
	sasl.kerberos.ticket.renew.jitter = 0.05
	sasl.kerberos.ticket.renew.window.factor = 0.8
	sasl.login.callback.handler.class = null
	sasl.login.class = null
	sasl.login.connect.timeout.ms = null
	sasl.login.read.timeout.ms = null
	sasl.login.refresh.buffer.seconds = 300
	sasl.login.refresh.min.period.seconds = 60
	sasl.login.refresh.window.factor = 0.8
	sasl.login.refresh.window.jitter = 0.05
	sasl.login.retry.backoff.max.ms = 10000
	sasl.login.retry.backoff.ms = 100
	sasl.mechanism = GSSAPI
	sasl.oauthbearer.clock.skew.seconds = 30
	sasl.oauthbearer.expected.audience = null
	sasl.oauthbearer.expected.issuer = null
	sasl.oauthbearer.header.urlencode = false
	sasl.oauthbearer.jwks.endpoint.refresh.ms = 3600000
	sasl.oauthbearer.jwks.endpoint.retry.backoff.max.ms = 10000
	sasl.oauthbearer.jwks.endpoint.retry.backoff.ms = 100
	sasl.oauthbearer.jwks.endpoint.url = null
	sasl.oauthbearer.scope.claim.name = scope
	sasl.oauthbearer.sub.claim.name = sub
	sasl.oauthbearer.token.endpoint.url = null
	security.protocol = PLAINTEXT
	security.providers = null
	send.buffer.bytes = 131072
	session.timeout.ms = 45000
	socket.connection.setup.timeout.max.ms = 30000
	socket.connection.setup.timeout.ms = 10000
	ssl.cipher.suites = null
	ssl.enabled.protocols = [TLSv1.2, TLSv1.3]
	ssl.endpoint.identification.algorithm = https
	ssl.engine.factory.class = null
	ssl.key.password = null
	ssl.keymanager.algorithm = SunX509
	ssl.keystore.certificate.chain = null
	ssl.keystore.key = null
	ssl.keystore.location = null
	ssl.keystore.password = null
	ssl.keystore.type = JKS
	ssl.protocol = TLSv1.3
	ssl.provider = null
	ssl.secure.random.implementation = null
	ssl.trustmanager.algorithm = PKIX
	ssl.truststore.certificates = null
	ssl.truststore.location = null
	ssl.truststore.password = null
	ssl.truststore.type = JKS
	value.deserializer = class org.apache.kafka.common.serialization.StringDeserializer

2026-04-01T13:33:01.159+07:00  INFO 87230 --- [audit-service] [           main] o.a.k.c.t.i.KafkaMetricsCollector        : initializing Kafka metrics collector
2026-04-01T13:33:01.163+07:00  INFO 87230 --- [audit-service] [           main] o.a.kafka.common.utils.AppInfoParser     : Kafka version: 3.9.1
2026-04-01T13:33:01.163+07:00  INFO 87230 --- [audit-service] [           main] o.a.kafka.common.utils.AppInfoParser     : Kafka commitId: f745dfdcee2b9851
2026-04-01T13:33:01.163+07:00  INFO 87230 --- [audit-service] [           main] o.a.kafka.common.utils.AppInfoParser     : Kafka startTimeMs: 1775025181163
2026-04-01T13:33:01.170+07:00  INFO 87230 --- [audit-service] [           main] o.a.k.c.c.i.ClassicKafkaConsumer         : [Consumer clientId=consumer-audit-service-3, groupId=audit-service] Subscribed to topic(s): audit.security
2026-04-01T13:33:01.184+07:00  INFO 87230 --- [audit-service] [           main] c.f.a.AuditServiceApplication            : Started AuditServiceApplication in 3.686 seconds (process running for 3.918)
2026-04-01T13:33:01.364+07:00  INFO 87230 --- [audit-service] [ntainer#2-0-C-1] org.apache.kafka.clients.Metadata        : [Consumer clientId=consumer-audit-service-1, groupId=audit-service] Cluster ID: 5L6g3nShT-eMCtK--X86sw
2026-04-01T13:33:01.365+07:00  INFO 87230 --- [audit-service] [ntainer#2-0-C-1] o.a.k.c.c.internals.ConsumerCoordinator  : [Consumer clientId=consumer-audit-service-1, groupId=audit-service] Discovered group coordinator localhost:9092 (id: 2147483646 rack: null)
2026-04-01T13:33:01.366+07:00  INFO 87230 --- [audit-service] [ntainer#2-0-C-1] o.a.k.c.c.internals.ConsumerCoordinator  : [Consumer clientId=consumer-audit-service-1, groupId=audit-service] (Re-)joining group
2026-04-01T13:33:01.369+07:00  INFO 87230 --- [audit-service] [ntainer#1-0-C-1] org.apache.kafka.clients.Metadata        : [Consumer clientId=consumer-audit-service-3, groupId=audit-service] Cluster ID: 5L6g3nShT-eMCtK--X86sw
2026-04-01T13:33:01.369+07:00  INFO 87230 --- [audit-service] [ntainer#1-0-C-1] o.a.k.c.c.internals.ConsumerCoordinator  : [Consumer clientId=consumer-audit-service-3, groupId=audit-service] Discovered group coordinator localhost:9092 (id: 2147483646 rack: null)
2026-04-01T13:33:01.370+07:00  INFO 87230 --- [audit-service] [ntainer#0-0-C-1] org.apache.kafka.clients.Metadata        : [Consumer clientId=consumer-audit-service-2, groupId=audit-service] Cluster ID: 5L6g3nShT-eMCtK--X86sw
2026-04-01T13:33:01.370+07:00  INFO 87230 --- [audit-service] [ntainer#0-0-C-1] o.a.k.c.c.internals.ConsumerCoordinator  : [Consumer clientId=consumer-audit-service-2, groupId=audit-service] Discovered group coordinator localhost:9092 (id: 2147483646 rack: null)
2026-04-01T13:33:01.371+07:00  INFO 87230 --- [audit-service] [ntainer#1-0-C-1] o.a.k.c.c.internals.ConsumerCoordinator  : [Consumer clientId=consumer-audit-service-3, groupId=audit-service] (Re-)joining group
2026-04-01T13:33:01.377+07:00  INFO 87230 --- [audit-service] [ntainer#0-0-C-1] o.a.k.c.c.internals.ConsumerCoordinator  : [Consumer clientId=consumer-audit-service-2, groupId=audit-service] (Re-)joining group
2026-04-01T13:33:01.384+07:00  INFO 87230 --- [audit-service] [ntainer#1-0-C-1] o.a.k.c.c.internals.ConsumerCoordinator  : [Consumer clientId=consumer-audit-service-3, groupId=audit-service] Request joining group due to: need to re-join with the given member-id: consumer-audit-service-3-eb06fcaa-9f75-40ea-877b-b37246c474f1
2026-04-01T13:33:01.384+07:00  INFO 87230 --- [audit-service] [ntainer#0-0-C-1] o.a.k.c.c.internals.ConsumerCoordinator  : [Consumer clientId=consumer-audit-service-2, groupId=audit-service] Request joining group due to: need to re-join with the given member-id: consumer-audit-service-2-432432cf-d44f-405d-a17d-6234416ebbf3
2026-04-01T13:33:01.384+07:00  INFO 87230 --- [audit-service] [ntainer#1-0-C-1] o.a.k.c.c.internals.ConsumerCoordinator  : [Consumer clientId=consumer-audit-service-3, groupId=audit-service] (Re-)joining group
2026-04-01T13:33:01.385+07:00  INFO 87230 --- [audit-service] [ntainer#0-0-C-1] o.a.k.c.c.internals.ConsumerCoordinator  : [Consumer clientId=consumer-audit-service-2, groupId=audit-service] (Re-)joining group
2026-04-01T13:33:01.386+07:00  INFO 87230 --- [audit-service] [ntainer#2-0-C-1] o.a.k.c.c.internals.ConsumerCoordinator  : [Consumer clientId=consumer-audit-service-1, groupId=audit-service] Request joining group due to: need to re-join with the given member-id: consumer-audit-service-1-2d33d148-9479-433c-b9c9-f0c2397a00fa
2026-04-01T13:33:01.387+07:00  INFO 87230 --- [audit-service] [ntainer#2-0-C-1] o.a.k.c.c.internals.ConsumerCoordinator  : [Consumer clientId=consumer-audit-service-1, groupId=audit-service] (Re-)joining group
2026-04-01T13:33:07.412+07:00  INFO 87230 --- [audit-service] [ntainer#2-0-C-1] o.a.k.c.c.internals.ConsumerCoordinator  : [Consumer clientId=consumer-audit-service-1, groupId=audit-service] Successfully joined group with generation Generation{generationId=17, memberId='consumer-audit-service-1-2d33d148-9479-433c-b9c9-f0c2397a00fa', protocol='range'}
2026-04-01T13:33:07.413+07:00  INFO 87230 --- [audit-service] [ntainer#0-0-C-1] o.a.k.c.c.internals.ConsumerCoordinator  : [Consumer clientId=consumer-audit-service-2, groupId=audit-service] Successfully joined group with generation Generation{generationId=17, memberId='consumer-audit-service-2-432432cf-d44f-405d-a17d-6234416ebbf3', protocol='range'}
2026-04-01T13:33:07.413+07:00  INFO 87230 --- [audit-service] [ntainer#1-0-C-1] o.a.k.c.c.internals.ConsumerCoordinator  : [Consumer clientId=consumer-audit-service-3, groupId=audit-service] Successfully joined group with generation Generation{generationId=17, memberId='consumer-audit-service-3-eb06fcaa-9f75-40ea-877b-b37246c474f1', protocol='range'}
2026-04-01T13:33:07.423+07:00  INFO 87230 --- [audit-service] [ntainer#1-0-C-1] o.a.k.c.c.internals.ConsumerCoordinator  : [Consumer clientId=consumer-audit-service-3, groupId=audit-service] Finished assignment for group at generation 17: {consumer-audit-service-3-eb06fcaa-9f75-40ea-877b-b37246c474f1=Assignment(partitions=[audit.security-0]), consumer-audit-service-2-432432cf-d44f-405d-a17d-6234416ebbf3=Assignment(partitions=[audit.event-0]), consumer-audit-service-1-2d33d148-9479-433c-b9c9-f0c2397a00fa=Assignment(partitions=[request.trace-0])}
2026-04-01T13:33:07.434+07:00  INFO 87230 --- [audit-service] [ntainer#0-0-C-1] o.a.k.c.c.internals.ConsumerCoordinator  : [Consumer clientId=consumer-audit-service-2, groupId=audit-service] Successfully synced group in generation Generation{generationId=17, memberId='consumer-audit-service-2-432432cf-d44f-405d-a17d-6234416ebbf3', protocol='range'}
2026-04-01T13:33:07.434+07:00  INFO 87230 --- [audit-service] [ntainer#2-0-C-1] o.a.k.c.c.internals.ConsumerCoordinator  : [Consumer clientId=consumer-audit-service-1, groupId=audit-service] Successfully synced group in generation Generation{generationId=17, memberId='consumer-audit-service-1-2d33d148-9479-433c-b9c9-f0c2397a00fa', protocol='range'}
2026-04-01T13:33:07.435+07:00  INFO 87230 --- [audit-service] [ntainer#1-0-C-1] o.a.k.c.c.internals.ConsumerCoordinator  : [Consumer clientId=consumer-audit-service-3, groupId=audit-service] Successfully synced group in generation Generation{generationId=17, memberId='consumer-audit-service-3-eb06fcaa-9f75-40ea-877b-b37246c474f1', protocol='range'}
2026-04-01T13:33:07.435+07:00  INFO 87230 --- [audit-service] [ntainer#0-0-C-1] o.a.k.c.c.internals.ConsumerCoordinator  : [Consumer clientId=consumer-audit-service-2, groupId=audit-service] Notifying assignor about the new Assignment(partitions=[audit.event-0])
2026-04-01T13:33:07.435+07:00  INFO 87230 --- [audit-service] [ntainer#1-0-C-1] o.a.k.c.c.internals.ConsumerCoordinator  : [Consumer clientId=consumer-audit-service-3, groupId=audit-service] Notifying assignor about the new Assignment(partitions=[audit.security-0])
2026-04-01T13:33:07.435+07:00  INFO 87230 --- [audit-service] [ntainer#2-0-C-1] o.a.k.c.c.internals.ConsumerCoordinator  : [Consumer clientId=consumer-audit-service-1, groupId=audit-service] Notifying assignor about the new Assignment(partitions=[request.trace-0])
2026-04-01T13:33:07.436+07:00  INFO 87230 --- [audit-service] [ntainer#2-0-C-1] k.c.c.i.ConsumerRebalanceListenerInvoker : [Consumer clientId=consumer-audit-service-1, groupId=audit-service] Adding newly assigned partitions: request.trace-0
2026-04-01T13:33:07.436+07:00  INFO 87230 --- [audit-service] [ntainer#0-0-C-1] k.c.c.i.ConsumerRebalanceListenerInvoker : [Consumer clientId=consumer-audit-service-2, groupId=audit-service] Adding newly assigned partitions: audit.event-0
2026-04-01T13:33:07.436+07:00  INFO 87230 --- [audit-service] [ntainer#1-0-C-1] k.c.c.i.ConsumerRebalanceListenerInvoker : [Consumer clientId=consumer-audit-service-3, groupId=audit-service] Adding newly assigned partitions: audit.security-0
2026-04-01T13:33:07.443+07:00  INFO 87230 --- [audit-service] [ntainer#1-0-C-1] o.a.k.c.c.internals.ConsumerUtils        : Setting offset for partition audit.security-0 to the committed offset FetchPosition{offset=558, offsetEpoch=Optional.empty, currentLeader=LeaderAndEpoch{leader=Optional[localhost:9092 (id: 1 rack: null)], epoch=0}}
2026-04-01T13:33:07.443+07:00  INFO 87230 --- [audit-service] [ntainer#2-0-C-1] o.a.k.c.c.internals.ConsumerUtils        : Setting offset for partition request.trace-0 to the committed offset FetchPosition{offset=1515, offsetEpoch=Optional.empty, currentLeader=LeaderAndEpoch{leader=Optional[localhost:9092 (id: 1 rack: null)], epoch=0}}
2026-04-01T13:33:07.443+07:00  INFO 87230 --- [audit-service] [ntainer#0-0-C-1] o.a.k.c.c.internals.ConsumerUtils        : Setting offset for partition audit.event-0 to the committed offset FetchPosition{offset=208, offsetEpoch=Optional.empty, currentLeader=LeaderAndEpoch{leader=Optional[localhost:9092 (id: 1 rack: null)], epoch=0}}
2026-04-01T13:33:07.444+07:00  INFO 87230 --- [audit-service] [ntainer#2-0-C-1] o.s.k.l.KafkaMessageListenerContainer    : audit-service: partitions assigned: [request.trace-0]
2026-04-01T13:33:07.444+07:00  INFO 87230 --- [audit-service] [ntainer#1-0-C-1] o.s.k.l.KafkaMessageListenerContainer    : audit-service: partitions assigned: [audit.security-0]
2026-04-01T13:33:07.444+07:00  INFO 87230 --- [audit-service] [ntainer#0-0-C-1] o.s.k.l.KafkaMessageListenerContainer    : audit-service: partitions assigned: [audit.event-0]
2026-04-01T13:35:27.953+07:00  INFO 87230 --- [audit-service] [nio-8084-exec-1] o.a.c.c.C.[Tomcat].[localhost].[/]       : Initializing Spring DispatcherServlet 'dispatcherServlet'
2026-04-01T13:35:27.953+07:00  INFO 87230 --- [audit-service] [nio-8084-exec-1] o.s.web.servlet.DispatcherServlet        : Initializing Servlet 'dispatcherServlet'
2026-04-01T13:35:27.954+07:00  INFO 87230 --- [audit-service] [nio-8084-exec-1] o.s.web.servlet.DispatcherServlet        : Completed initialization in 1 ms
2026-04-01T13:43:55.659+07:00  INFO 87230 --- [audit-service] [| audit-service] o.a.k.c.c.internals.ConsumerCoordinator  : [Consumer clientId=consumer-audit-service-1, groupId=audit-service] Group coordinator localhost:9092 (id: 2147483646 rack: null) is unavailable or invalid due to cause: session timed out without receiving a heartbeat response. isDisconnected: false. Rediscovery will be attempted.
2026-04-01T13:43:55.779+07:00  INFO 87230 --- [audit-service] [| audit-service] o.a.k.c.c.internals.ConsumerCoordinator  : [Consumer clientId=consumer-audit-service-1, groupId=audit-service] Requesting disconnect from last known coordinator localhost:9092 (id: 2147483646 rack: null)
2026-04-01T13:43:55.659+07:00  INFO 87230 --- [audit-service] [| audit-service] o.a.k.c.c.internals.ConsumerCoordinator  : [Consumer clientId=consumer-audit-service-2, groupId=audit-service] Group coordinator localhost:9092 (id: 2147483646 rack: null) is unavailable or invalid due to cause: session timed out without receiving a heartbeat response. isDisconnected: false. Rediscovery will be attempted.
2026-04-01T13:43:55.779+07:00  INFO 87230 --- [audit-service] [| audit-service] o.a.k.c.c.internals.ConsumerCoordinator  : [Consumer clientId=consumer-audit-service-2, groupId=audit-service] Requesting disconnect from last known coordinator localhost:9092 (id: 2147483646 rack: null)
2026-04-01T13:43:55.779+07:00  INFO 87230 --- [audit-service] [| audit-service] org.apache.kafka.clients.NetworkClient   : [Consumer clientId=consumer-audit-service-1, groupId=audit-service] Client requested disconnect from node 2147483646
2026-04-01T13:43:55.779+07:00  INFO 87230 --- [audit-service] [| audit-service] org.apache.kafka.clients.NetworkClient   : [Consumer clientId=consumer-audit-service-2, groupId=audit-service] Client requested disconnect from node 2147483646
2026-04-01T13:43:55.657+07:00  INFO 87230 --- [audit-service] [| audit-service] o.a.k.c.c.internals.ConsumerCoordinator  : [Consumer clientId=consumer-audit-service-3, groupId=audit-service] Group coordinator localhost:9092 (id: 2147483646 rack: null) is unavailable or invalid due to cause: session timed out without receiving a heartbeat response. isDisconnected: false. Rediscovery will be attempted.
2026-04-01T13:43:55.780+07:00  INFO 87230 --- [audit-service] [| audit-service] o.a.k.c.c.internals.ConsumerCoordinator  : [Consumer clientId=consumer-audit-service-3, groupId=audit-service] Requesting disconnect from last known coordinator localhost:9092 (id: 2147483646 rack: null)
2026-04-01T13:43:55.780+07:00  INFO 87230 --- [audit-service] [| audit-service] org.apache.kafka.clients.NetworkClient   : [Consumer clientId=consumer-audit-service-3, groupId=audit-service] Client requested disconnect from node 2147483646
2026-04-01T13:43:55.788+07:00  INFO 87230 --- [audit-service] [ntainer#2-0-C-1] o.a.k.c.c.internals.ConsumerCoordinator  : [Consumer clientId=consumer-audit-service-1, groupId=audit-service] Discovered group coordinator localhost:9092 (id: 2147483646 rack: null)
2026-04-01T13:43:55.788+07:00  INFO 87230 --- [audit-service] [ntainer#2-0-C-1] o.a.k.c.c.internals.ConsumerCoordinator  : [Consumer clientId=consumer-audit-service-1, groupId=audit-service] Group coordinator localhost:9092 (id: 2147483646 rack: null) is unavailable or invalid due to cause: coordinator unavailable. isDisconnected: false. Rediscovery will be attempted.
2026-04-01T13:43:55.788+07:00  INFO 87230 --- [audit-service] [ntainer#2-0-C-1] o.a.k.c.c.internals.ConsumerCoordinator  : [Consumer clientId=consumer-audit-service-1, groupId=audit-service] Requesting disconnect from last known coordinator localhost:9092 (id: 2147483646 rack: null)
2026-04-01T13:43:55.788+07:00  INFO 87230 --- [audit-service] [ntainer#1-0-C-1] o.a.k.c.c.internals.ConsumerCoordinator  : [Consumer clientId=consumer-audit-service-3, groupId=audit-service] Discovered group coordinator localhost:9092 (id: 2147483646 rack: null)
2026-04-01T13:43:55.788+07:00  INFO 87230 --- [audit-service] [ntainer#1-0-C-1] o.a.k.c.c.internals.ConsumerCoordinator  : [Consumer clientId=consumer-audit-service-3, groupId=audit-service] Group coordinator localhost:9092 (id: 2147483646 rack: null) is unavailable or invalid due to cause: coordinator unavailable. isDisconnected: false. Rediscovery will be attempted.
2026-04-01T13:43:55.788+07:00  INFO 87230 --- [audit-service] [ntainer#1-0-C-1] o.a.k.c.c.internals.ConsumerCoordinator  : [Consumer clientId=consumer-audit-service-3, groupId=audit-service] Requesting disconnect from last known coordinator localhost:9092 (id: 2147483646 rack: null)
2026-04-01T13:43:55.788+07:00  INFO 87230 --- [audit-service] [ntainer#0-0-C-1] o.a.k.c.c.internals.ConsumerCoordinator  : [Consumer clientId=consumer-audit-service-2, groupId=audit-service] Discovered group coordinator localhost:9092 (id: 2147483646 rack: null)
2026-04-01T13:43:55.788+07:00  INFO 87230 --- [audit-service] [ntainer#0-0-C-1] o.a.k.c.c.internals.ConsumerCoordinator  : [Consumer clientId=consumer-audit-service-2, groupId=audit-service] Group coordinator localhost:9092 (id: 2147483646 rack: null) is unavailable or invalid due to cause: coordinator unavailable. isDisconnected: false. Rediscovery will be attempted.
2026-04-01T13:43:55.789+07:00  INFO 87230 --- [audit-service] [ntainer#0-0-C-1] o.a.k.c.c.internals.ConsumerCoordinator  : [Consumer clientId=consumer-audit-service-2, groupId=audit-service] Requesting disconnect from last known coordinator localhost:9092 (id: 2147483646 rack: null)
2026-04-01T13:43:55.870+07:00  INFO 87230 --- [audit-service] [ntainer#0-0-C-1] o.a.k.c.c.internals.ConsumerCoordinator  : [Consumer clientId=consumer-audit-service-2, groupId=audit-service] Discovered group coordinator localhost:9092 (id: 2147483646 rack: null)
2026-04-01T13:43:55.872+07:00  INFO 87230 --- [audit-service] [ntainer#2-0-C-1] o.a.k.c.c.internals.ConsumerCoordinator  : [Consumer clientId=consumer-audit-service-1, groupId=audit-service] Discovered group coordinator localhost:9092 (id: 2147483646 rack: null)
2026-04-01T13:43:55.881+07:00  INFO 87230 --- [audit-service] [ntainer#1-0-C-1] o.a.k.c.c.internals.ConsumerCoordinator  : [Consumer clientId=consumer-audit-service-3, groupId=audit-service] Discovered group coordinator localhost:9092 (id: 2147483646 rack: null)
2026-04-01T13:44:21.569+07:00  WARN 87230 --- [audit-service] [l-1:housekeeper] com.zaxxer.hikari.pool.HikariPool        : HikariPool-1 - Thread starvation or clock leap detected (housekeeper delta=2m44s331ms).
2026-04-01T13:47:52.198+07:00  INFO 87230 --- [audit-service] [| audit-service] o.a.k.c.c.internals.ConsumerCoordinator  : [Consumer clientId=consumer-audit-service-2, groupId=audit-service] Group coordinator localhost:9092 (id: 2147483646 rack: null) is unavailable or invalid due to cause: session timed out without receiving a heartbeat response. isDisconnected: false. Rediscovery will be attempted.
2026-04-01T13:47:52.198+07:00  INFO 87230 --- [audit-service] [| audit-service] o.a.k.c.c.internals.ConsumerCoordinator  : [Consumer clientId=consumer-audit-service-1, groupId=audit-service] Group coordinator localhost:9092 (id: 2147483646 rack: null) is unavailable or invalid due to cause: session timed out without receiving a heartbeat response. isDisconnected: false. Rediscovery will be attempted.
2026-04-01T13:47:52.198+07:00  INFO 87230 --- [audit-service] [| audit-service] o.a.k.c.c.internals.ConsumerCoordinator  : [Consumer clientId=consumer-audit-service-2, groupId=audit-service] Requesting disconnect from last known coordinator localhost:9092 (id: 2147483646 rack: null)
2026-04-01T13:47:52.198+07:00  INFO 87230 --- [audit-service] [| audit-service] o.a.k.c.c.internals.ConsumerCoordinator  : [Consumer clientId=consumer-audit-service-1, groupId=audit-service] Requesting disconnect from last known coordinator localhost:9092 (id: 2147483646 rack: null)
2026-04-01T13:47:52.198+07:00  INFO 87230 --- [audit-service] [| audit-service] org.apache.kafka.clients.NetworkClient   : [Consumer clientId=consumer-audit-service-1, groupId=audit-service] Client requested disconnect from node 2147483646
2026-04-01T13:47:52.198+07:00  INFO 87230 --- [audit-service] [| audit-service] org.apache.kafka.clients.NetworkClient   : [Consumer clientId=consumer-audit-service-2, groupId=audit-service] Client requested disconnect from node 2147483646
2026-04-01T13:47:52.199+07:00  INFO 87230 --- [audit-service] [ntainer#0-0-C-1] o.a.k.c.c.internals.ConsumerCoordinator  : [Consumer clientId=consumer-audit-service-2, groupId=audit-service] Discovered group coordinator localhost:9092 (id: 2147483646 rack: null)
2026-04-01T13:47:52.199+07:00  INFO 87230 --- [audit-service] [ntainer#0-0-C-1] o.a.k.c.c.internals.ConsumerCoordinator  : [Consumer clientId=consumer-audit-service-2, groupId=audit-service] Group coordinator localhost:9092 (id: 2147483646 rack: null) is unavailable or invalid due to cause: coordinator unavailable. isDisconnected: false. Rediscovery will be attempted.
2026-04-01T13:47:52.199+07:00  INFO 87230 --- [audit-service] [ntainer#2-0-C-1] o.a.k.c.c.internals.ConsumerCoordinator  : [Consumer clientId=consumer-audit-service-1, groupId=audit-service] Discovered group coordinator localhost:9092 (id: 2147483646 rack: null)
2026-04-01T13:47:52.199+07:00  INFO 87230 --- [audit-service] [ntainer#0-0-C-1] o.a.k.c.c.internals.ConsumerCoordinator  : [Consumer clientId=consumer-audit-service-2, groupId=audit-service] Requesting disconnect from last known coordinator localhost:9092 (id: 2147483646 rack: null)
2026-04-01T13:47:52.199+07:00  INFO 87230 --- [audit-service] [ntainer#2-0-C-1] o.a.k.c.c.internals.ConsumerCoordinator  : [Consumer clientId=consumer-audit-service-1, groupId=audit-service] Group coordinator localhost:9092 (id: 2147483646 rack: null) is unavailable or invalid due to cause: coordinator unavailable. isDisconnected: false. Rediscovery will be attempted.
2026-04-01T13:47:52.199+07:00  INFO 87230 --- [audit-service] [ntainer#2-0-C-1] o.a.k.c.c.internals.ConsumerCoordinator  : [Consumer clientId=consumer-audit-service-1, groupId=audit-service] Requesting disconnect from last known coordinator localhost:9092 (id: 2147483646 rack: null)
2026-04-01T13:47:52.303+07:00  INFO 87230 --- [audit-service] [ntainer#2-0-C-1] o.a.k.c.c.internals.ConsumerCoordinator  : [Consumer clientId=consumer-audit-service-1, groupId=audit-service] Discovered group coordinator localhost:9092 (id: 2147483646 rack: null)
2026-04-01T13:47:52.314+07:00  INFO 87230 --- [audit-service] [ntainer#0-0-C-1] o.a.k.c.c.internals.ConsumerCoordinator  : [Consumer clientId=consumer-audit-service-2, groupId=audit-service] Discovered group coordinator localhost:9092 (id: 2147483646 rack: null)
2026-04-01T13:47:52.320+07:00  INFO 87230 --- [audit-service] [| audit-service] o.a.k.c.c.internals.ConsumerCoordinator  : [Consumer clientId=consumer-audit-service-3, groupId=audit-service] Group coordinator localhost:9092 (id: 2147483646 rack: null) is unavailable or invalid due to cause: session timed out without receiving a heartbeat response. isDisconnected: false. Rediscovery will be attempted.
2026-04-01T13:47:52.320+07:00  INFO 87230 --- [audit-service] [| audit-service] o.a.k.c.c.internals.ConsumerCoordinator  : [Consumer clientId=consumer-audit-service-3, groupId=audit-service] Requesting disconnect from last known coordinator localhost:9092 (id: 2147483646 rack: null)
2026-04-01T13:47:52.320+07:00  INFO 87230 --- [audit-service] [| audit-service] org.apache.kafka.clients.NetworkClient   : [Consumer clientId=consumer-audit-service-3, groupId=audit-service] Client requested disconnect from node 2147483646
2026-04-01T13:47:52.324+07:00  INFO 87230 --- [audit-service] [ntainer#1-0-C-1] o.a.k.c.c.internals.ConsumerCoordinator  : [Consumer clientId=consumer-audit-service-3, groupId=audit-service] Discovered group coordinator localhost:9092 (id: 2147483646 rack: null)
2026-04-01T13:47:52.324+07:00  INFO 87230 --- [audit-service] [ntainer#1-0-C-1] o.a.k.c.c.internals.ConsumerCoordinator  : [Consumer clientId=consumer-audit-service-3, groupId=audit-service] Group coordinator localhost:9092 (id: 2147483646 rack: null) is unavailable or invalid due to cause: coordinator unavailable. isDisconnected: false. Rediscovery will be attempted.
2026-04-01T13:47:52.324+07:00  INFO 87230 --- [audit-service] [ntainer#1-0-C-1] o.a.k.c.c.internals.ConsumerCoordinator  : [Consumer clientId=consumer-audit-service-3, groupId=audit-service] Requesting disconnect from last known coordinator localhost:9092 (id: 2147483646 rack: null)
2026-04-01T13:47:52.444+07:00  INFO 87230 --- [audit-service] [ntainer#1-0-C-1] o.a.k.c.c.internals.ConsumerCoordinator  : [Consumer clientId=consumer-audit-service-3, groupId=audit-service] Discovered group coordinator localhost:9092 (id: 2147483646 rack: null)
2026-04-01T13:48:07.510+07:00  WARN 87230 --- [audit-service] [l-1:housekeeper] com.zaxxer.hikari.pool.HikariPool        : HikariPool-1 - Thread starvation or clock leap detected (housekeeper delta=3m45s942ms).
2026-04-01T13:49:24.256+07:00  WARN 87230 --- [audit-service] [l-1:housekeeper] com.zaxxer.hikari.pool.HikariPool        : HikariPool-1 - Thread starvation or clock leap detected (housekeeper delta=46s740ms).
2026-04-01T14:00:55.277+07:00  INFO 87230 --- [audit-service] [| audit-service] o.a.k.c.c.internals.ConsumerCoordinator  : [Consumer clientId=consumer-audit-service-1, groupId=audit-service] Group coordinator localhost:9092 (id: 2147483646 rack: null) is unavailable or invalid due to cause: session timed out without receiving a heartbeat response. isDisconnected: false. Rediscovery will be attempted.
2026-04-01T14:00:55.295+07:00  INFO 87230 --- [audit-service] [| audit-service] o.a.k.c.c.internals.ConsumerCoordinator  : [Consumer clientId=consumer-audit-service-1, groupId=audit-service] Requesting disconnect from last known coordinator localhost:9092 (id: 2147483646 rack: null)
2026-04-01T14:00:55.295+07:00  INFO 87230 --- [audit-service] [| audit-service] org.apache.kafka.clients.NetworkClient   : [Consumer clientId=consumer-audit-service-1, groupId=audit-service] Client requested disconnect from node 2147483646
2026-04-01T14:00:55.277+07:00  INFO 87230 --- [audit-service] [| audit-service] o.a.k.c.c.internals.ConsumerCoordinator  : [Consumer clientId=consumer-audit-service-3, groupId=audit-service] Group coordinator localhost:9092 (id: 2147483646 rack: null) is unavailable or invalid due to cause: session timed out without receiving a heartbeat response. isDisconnected: false. Rediscovery will be attempted.
2026-04-01T14:00:55.296+07:00  INFO 87230 --- [audit-service] [| audit-service] o.a.k.c.c.internals.ConsumerCoordinator  : [Consumer clientId=consumer-audit-service-3, groupId=audit-service] Requesting disconnect from last known coordinator localhost:9092 (id: 2147483646 rack: null)
2026-04-01T14:00:55.296+07:00  INFO 87230 --- [audit-service] [| audit-service] org.apache.kafka.clients.NetworkClient   : [Consumer clientId=consumer-audit-service-3, groupId=audit-service] Client requested disconnect from node 2147483646
2026-04-01T14:00:55.298+07:00  INFO 87230 --- [audit-service] [ntainer#2-0-C-1] o.a.k.c.c.internals.ConsumerCoordinator  : [Consumer clientId=consumer-audit-service-1, groupId=audit-service] Discovered group coordinator localhost:9092 (id: 2147483646 rack: null)
2026-04-01T14:00:55.300+07:00  INFO 87230 --- [audit-service] [ntainer#2-0-C-1] o.a.k.c.c.internals.ConsumerCoordinator  : [Consumer clientId=consumer-audit-service-1, groupId=audit-service] Group coordinator localhost:9092 (id: 2147483646 rack: null) is unavailable or invalid due to cause: coordinator unavailable. isDisconnected: false. Rediscovery will be attempted.
2026-04-01T14:00:55.300+07:00  INFO 87230 --- [audit-service] [ntainer#2-0-C-1] o.a.k.c.c.internals.ConsumerCoordinator  : [Consumer clientId=consumer-audit-service-1, groupId=audit-service] Requesting disconnect from last known coordinator localhost:9092 (id: 2147483646 rack: null)
2026-04-01T14:00:55.300+07:00  INFO 87230 --- [audit-service] [ntainer#1-0-C-1] o.a.k.c.c.internals.ConsumerCoordinator  : [Consumer clientId=consumer-audit-service-3, groupId=audit-service] Discovered group coordinator localhost:9092 (id: 2147483646 rack: null)
2026-04-01T14:00:55.300+07:00  INFO 87230 --- [audit-service] [ntainer#1-0-C-1] o.a.k.c.c.internals.ConsumerCoordinator  : [Consumer clientId=consumer-audit-service-3, groupId=audit-service] Group coordinator localhost:9092 (id: 2147483646 rack: null) is unavailable or invalid due to cause: coordinator unavailable. isDisconnected: false. Rediscovery will be attempted.
2026-04-01T14:00:55.300+07:00  INFO 87230 --- [audit-service] [ntainer#1-0-C-1] o.a.k.c.c.internals.ConsumerCoordinator  : [Consumer clientId=consumer-audit-service-3, groupId=audit-service] Requesting disconnect from last known coordinator localhost:9092 (id: 2147483646 rack: null)
2026-04-01T14:00:55.441+07:00  INFO 87230 --- [audit-service] [ntainer#1-0-C-1] o.a.k.c.c.internals.ConsumerCoordinator  : [Consumer clientId=consumer-audit-service-3, groupId=audit-service] Discovered group coordinator localhost:9092 (id: 2147483646 rack: null)
2026-04-01T14:00:55.448+07:00  INFO 87230 --- [audit-service] [ntainer#2-0-C-1] o.a.k.c.c.internals.ConsumerCoordinator  : [Consumer clientId=consumer-audit-service-1, groupId=audit-service] Discovered group coordinator localhost:9092 (id: 2147483646 rack: null)
2026-04-01T14:00:55.449+07:00  INFO 87230 --- [audit-service] [| audit-service] o.a.k.c.c.internals.ConsumerCoordinator  : [Consumer clientId=consumer-audit-service-2, groupId=audit-service] Group coordinator localhost:9092 (id: 2147483646 rack: null) is unavailable or invalid due to cause: session timed out without receiving a heartbeat response. isDisconnected: false. Rediscovery will be attempted.
2026-04-01T14:00:55.449+07:00  INFO 87230 --- [audit-service] [| audit-service] o.a.k.c.c.internals.ConsumerCoordinator  : [Consumer clientId=consumer-audit-service-2, groupId=audit-service] Requesting disconnect from last known coordinator localhost:9092 (id: 2147483646 rack: null)
2026-04-01T14:00:55.449+07:00  INFO 87230 --- [audit-service] [| audit-service] org.apache.kafka.clients.NetworkClient   : [Consumer clientId=consumer-audit-service-2, groupId=audit-service] Client requested disconnect from node 2147483646
2026-04-01T14:00:55.473+07:00  INFO 87230 --- [audit-service] [ntainer#0-0-C-1] o.a.k.c.c.internals.ConsumerCoordinator  : [Consumer clientId=consumer-audit-service-2, groupId=audit-service] Discovered group coordinator localhost:9092 (id: 2147483646 rack: null)
2026-04-01T14:00:55.473+07:00  INFO 87230 --- [audit-service] [ntainer#0-0-C-1] o.a.k.c.c.internals.ConsumerCoordinator  : [Consumer clientId=consumer-audit-service-2, groupId=audit-service] Group coordinator localhost:9092 (id: 2147483646 rack: null) is unavailable or invalid due to cause: coordinator unavailable. isDisconnected: false. Rediscovery will be attempted.
2026-04-01T14:00:55.473+07:00  INFO 87230 --- [audit-service] [ntainer#0-0-C-1] o.a.k.c.c.internals.ConsumerCoordinator  : [Consumer clientId=consumer-audit-service-2, groupId=audit-service] Requesting disconnect from last known coordinator localhost:9092 (id: 2147483646 rack: null)
2026-04-01T14:00:55.571+07:00  INFO 87230 --- [audit-service] [ntainer#0-0-C-1] o.a.k.c.c.internals.ConsumerCoordinator  : [Consumer clientId=consumer-audit-service-2, groupId=audit-service] Discovered group coordinator localhost:9092 (id: 2147483646 rack: null)
2026-04-01T14:01:10.659+07:00  WARN 87230 --- [audit-service] [l-1:housekeeper] com.zaxxer.hikari.pool.HikariPool        : HikariPool-1 - Thread starvation or clock leap detected (housekeeper delta=11m46s403ms).
2026-04-01T17:46:09.260+07:00  INFO 87230 --- [audit-service] [ntainer#1-0-C-1] k.c.c.i.ConsumerRebalanceListenerInvoker : [Consumer clientId=consumer-audit-service-3, groupId=audit-service] Revoke previously assigned partitions audit.security-0
2026-04-01T17:46:09.260+07:00  INFO 87230 --- [audit-service] [ntainer#2-0-C-1] k.c.c.i.ConsumerRebalanceListenerInvoker : [Consumer clientId=consumer-audit-service-1, groupId=audit-service] Revoke previously assigned partitions request.trace-0
2026-04-01T17:46:09.263+07:00  INFO 87230 --- [audit-service] [ntainer#0-0-C-1] k.c.c.i.ConsumerRebalanceListenerInvoker : [Consumer clientId=consumer-audit-service-2, groupId=audit-service] Revoke previously assigned partitions audit.event-0
2026-04-01T17:46:09.264+07:00  INFO 87230 --- [audit-service] [ntainer#2-0-C-1] o.s.k.l.KafkaMessageListenerContainer    : audit-service: partitions revoked: [request.trace-0]
2026-04-01T17:46:09.264+07:00  INFO 87230 --- [audit-service] [ntainer#1-0-C-1] o.s.k.l.KafkaMessageListenerContainer    : audit-service: partitions revoked: [audit.security-0]
2026-04-01T17:46:09.264+07:00  INFO 87230 --- [audit-service] [ntainer#0-0-C-1] o.s.k.l.KafkaMessageListenerContainer    : audit-service: partitions revoked: [audit.event-0]
2026-04-01T17:46:09.265+07:00  INFO 87230 --- [audit-service] [ntainer#0-0-C-1] o.a.k.c.c.internals.ConsumerCoordinator  : [Consumer clientId=consumer-audit-service-2, groupId=audit-service] Member consumer-audit-service-2-432432cf-d44f-405d-a17d-6234416ebbf3 sending LeaveGroup request to coordinator localhost:9092 (id: 2147483646 rack: null) due to the consumer unsubscribed from all topics
2026-04-01T17:46:09.265+07:00  INFO 87230 --- [audit-service] [ntainer#2-0-C-1] o.a.k.c.c.internals.ConsumerCoordinator  : [Consumer clientId=consumer-audit-service-1, groupId=audit-service] Member consumer-audit-service-1-2d33d148-9479-433c-b9c9-f0c2397a00fa sending LeaveGroup request to coordinator localhost:9092 (id: 2147483646 rack: null) due to the consumer unsubscribed from all topics
2026-04-01T17:46:09.265+07:00  INFO 87230 --- [audit-service] [ntainer#1-0-C-1] o.a.k.c.c.internals.ConsumerCoordinator  : [Consumer clientId=consumer-audit-service-3, groupId=audit-service] Member consumer-audit-service-3-eb06fcaa-9f75-40ea-877b-b37246c474f1 sending LeaveGroup request to coordinator localhost:9092 (id: 2147483646 rack: null) due to the consumer unsubscribed from all topics
2026-04-01T17:46:09.268+07:00  INFO 87230 --- [audit-service] [ntainer#0-0-C-1] o.a.k.c.c.internals.ConsumerCoordinator  : [Consumer clientId=consumer-audit-service-2, groupId=audit-service] Resetting generation and member id due to: consumer pro-actively leaving the group
2026-04-01T17:46:09.268+07:00  INFO 87230 --- [audit-service] [ntainer#0-0-C-1] o.a.k.c.c.internals.ConsumerCoordinator  : [Consumer clientId=consumer-audit-service-2, groupId=audit-service] Request joining group due to: consumer pro-actively leaving the group
2026-04-01T17:46:09.268+07:00  INFO 87230 --- [audit-service] [ntainer#1-0-C-1] o.a.k.c.c.internals.ConsumerCoordinator  : [Consumer clientId=consumer-audit-service-3, groupId=audit-service] Resetting generation and member id due to: consumer pro-actively leaving the group
2026-04-01T17:46:09.268+07:00  INFO 87230 --- [audit-service] [ntainer#1-0-C-1] o.a.k.c.c.internals.ConsumerCoordinator  : [Consumer clientId=consumer-audit-service-3, groupId=audit-service] Request joining group due to: consumer pro-actively leaving the group
2026-04-01T17:46:09.269+07:00  INFO 87230 --- [audit-service] [ntainer#1-0-C-1] o.a.k.c.c.i.ClassicKafkaConsumer         : [Consumer clientId=consumer-audit-service-3, groupId=audit-service] Unsubscribed all topics or patterns and assigned partitions
2026-04-01T17:46:09.270+07:00  INFO 87230 --- [audit-service] [ntainer#2-0-C-1] o.a.k.c.c.internals.ConsumerCoordinator  : [Consumer clientId=consumer-audit-service-1, groupId=audit-service] Resetting generation and member id due to: consumer pro-actively leaving the group
2026-04-01T17:46:09.270+07:00  INFO 87230 --- [audit-service] [ntainer#2-0-C-1] o.a.k.c.c.internals.ConsumerCoordinator  : [Consumer clientId=consumer-audit-service-1, groupId=audit-service] Request joining group due to: consumer pro-actively leaving the group
2026-04-01T17:46:09.270+07:00  INFO 87230 --- [audit-service] [ntainer#2-0-C-1] o.a.k.c.c.i.ClassicKafkaConsumer         : [Consumer clientId=consumer-audit-service-1, groupId=audit-service] Unsubscribed all topics or patterns and assigned partitions
2026-04-01T17:46:09.268+07:00  INFO 87230 --- [audit-service] [ntainer#0-0-C-1] o.a.k.c.c.i.ClassicKafkaConsumer         : [Consumer clientId=consumer-audit-service-2, groupId=audit-service] Unsubscribed all topics or patterns and assigned partitions
2026-04-01T17:46:09.282+07:00  INFO 87230 --- [audit-service] [ntainer#1-0-C-1] o.a.k.c.c.internals.ConsumerCoordinator  : [Consumer clientId=consumer-audit-service-3, groupId=audit-service] Resetting generation and member id due to: consumer pro-actively leaving the group
2026-04-01T17:46:09.282+07:00  INFO 87230 --- [audit-service] [ntainer#1-0-C-1] o.a.k.c.c.internals.ConsumerCoordinator  : [Consumer clientId=consumer-audit-service-3, groupId=audit-service] Request joining group due to: consumer pro-actively leaving the group
2026-04-01T17:46:09.282+07:00  INFO 87230 --- [audit-service] [ntainer#2-0-C-1] o.a.k.c.c.internals.ConsumerCoordinator  : [Consumer clientId=consumer-audit-service-1, groupId=audit-service] Resetting generation and member id due to: consumer pro-actively leaving the group
2026-04-01T17:46:09.283+07:00  INFO 87230 --- [audit-service] [ntainer#2-0-C-1] o.a.k.c.c.internals.ConsumerCoordinator  : [Consumer clientId=consumer-audit-service-1, groupId=audit-service] Request joining group due to: consumer pro-actively leaving the group
2026-04-01T17:46:09.283+07:00  INFO 87230 --- [audit-service] [ntainer#0-0-C-1] o.a.k.c.c.internals.ConsumerCoordinator  : [Consumer clientId=consumer-audit-service-2, groupId=audit-service] Resetting generation and member id due to: consumer pro-actively leaving the group
2026-04-01T17:46:09.283+07:00  INFO 87230 --- [audit-service] [ntainer#0-0-C-1] o.a.k.c.c.internals.ConsumerCoordinator  : [Consumer clientId=consumer-audit-service-2, groupId=audit-service] Request joining group due to: consumer pro-actively leaving the group
2026-04-01T17:46:09.482+07:00  INFO 87230 --- [audit-service] [ntainer#0-0-C-1] o.apache.kafka.common.metrics.Metrics    : Metrics scheduler closed
2026-04-01T17:46:09.482+07:00  INFO 87230 --- [audit-service] [ntainer#0-0-C-1] o.apache.kafka.common.metrics.Metrics    : Closing reporter org.apache.kafka.common.metrics.JmxReporter
2026-04-01T17:46:09.482+07:00  INFO 87230 --- [audit-service] [ntainer#0-0-C-1] o.apache.kafka.common.metrics.Metrics    : Closing reporter org.apache.kafka.common.telemetry.internals.ClientTelemetryReporter
2026-04-01T17:46:09.482+07:00  INFO 87230 --- [audit-service] [ntainer#0-0-C-1] o.apache.kafka.common.metrics.Metrics    : Metrics reporters closed
2026-04-01T17:46:09.485+07:00  INFO 87230 --- [audit-service] [ntainer#2-0-C-1] o.apache.kafka.common.metrics.Metrics    : Metrics scheduler closed
2026-04-01T17:46:09.485+07:00  INFO 87230 --- [audit-service] [ntainer#2-0-C-1] o.apache.kafka.common.metrics.Metrics    : Closing reporter org.apache.kafka.common.metrics.JmxReporter
2026-04-01T17:46:09.485+07:00  INFO 87230 --- [audit-service] [ntainer#2-0-C-1] o.apache.kafka.common.metrics.Metrics    : Closing reporter org.apache.kafka.common.telemetry.internals.ClientTelemetryReporter
2026-04-01T17:46:09.485+07:00  INFO 87230 --- [audit-service] [ntainer#2-0-C-1] o.apache.kafka.common.metrics.Metrics    : Metrics reporters closed
2026-04-01T17:46:09.489+07:00  INFO 87230 --- [audit-service] [ntainer#1-0-C-1] o.apache.kafka.common.metrics.Metrics    : Metrics scheduler closed
2026-04-01T17:46:09.489+07:00  INFO 87230 --- [audit-service] [ntainer#1-0-C-1] o.apache.kafka.common.metrics.Metrics    : Closing reporter org.apache.kafka.common.metrics.JmxReporter
2026-04-01T17:46:09.490+07:00  INFO 87230 --- [audit-service] [ntainer#1-0-C-1] o.apache.kafka.common.metrics.Metrics    : Closing reporter org.apache.kafka.common.telemetry.internals.ClientTelemetryReporter
2026-04-01T17:46:09.490+07:00  INFO 87230 --- [audit-service] [ntainer#1-0-C-1] o.apache.kafka.common.metrics.Metrics    : Metrics reporters closed
2026-04-01T17:46:09.498+07:00  INFO 87230 --- [audit-service] [ntainer#2-0-C-1] o.a.kafka.common.utils.AppInfoParser     : App info kafka.consumer for consumer-audit-service-1 unregistered
2026-04-01T17:46:09.500+07:00  INFO 87230 --- [audit-service] [ntainer#2-0-C-1] o.s.k.l.KafkaMessageListenerContainer    : audit-service: Consumer stopped
2026-04-01T17:46:09.501+07:00  INFO 87230 --- [audit-service] [ntainer#0-0-C-1] o.a.kafka.common.utils.AppInfoParser     : App info kafka.consumer for consumer-audit-service-2 unregistered
2026-04-01T17:46:09.501+07:00  INFO 87230 --- [audit-service] [ntainer#0-0-C-1] o.s.k.l.KafkaMessageListenerContainer    : audit-service: Consumer stopped
2026-04-01T17:46:09.503+07:00  INFO 87230 --- [audit-service] [ntainer#1-0-C-1] o.a.kafka.common.utils.AppInfoParser     : App info kafka.consumer for consumer-audit-service-3 unregistered
2026-04-01T17:46:09.503+07:00  INFO 87230 --- [audit-service] [ntainer#1-0-C-1] o.s.k.l.KafkaMessageListenerContainer    : audit-service: Consumer stopped
2026-04-01T17:46:09.506+07:00  INFO 87230 --- [audit-service] [ionShutdownHook] o.s.b.w.e.tomcat.GracefulShutdown        : Commencing graceful shutdown. Waiting for active requests to complete
2026-04-01T17:46:09.509+07:00  INFO 87230 --- [audit-service] [tomcat-shutdown] o.s.b.w.e.tomcat.GracefulShutdown        : Graceful shutdown complete
2026-04-01T17:46:09.557+07:00  INFO 87230 --- [audit-service] [ionShutdownHook] com.zaxxer.hikari.HikariDataSource       : HikariPool-1 - Shutdown initiated...
2026-04-01T17:46:09.566+07:00  INFO 87230 --- [audit-service] [ionShutdownHook] com.zaxxer.hikari.HikariDataSource       : HikariPool-1 - Shutdown completed.
[INFO] ------------------------------------------------------------------------
[INFO] BUILD FAILURE
[INFO] ------------------------------------------------------------------------
[INFO] Total time:  04:13 h
[INFO] Finished at: 2026-04-01T17:46:09+07:00
[INFO] ------------------------------------------------------------------------
[ERROR] Failed to execute goal org.springframework.boot:spring-boot-maven-plugin:3.5.8:run (default-cli) on project audit-service: Process terminated with exit code: 143 -> [Help 1]
[ERROR] 
[ERROR] To see the full stack trace of the errors, re-run Maven with the -e switch.
[ERROR] Re-run Maven using the -X switch to enable full debug logging.
[ERROR] 
[ERROR] For more information about the errors and possible solutions, please read the following articles:
[ERROR] [Help 1] http://cwiki.apache.org/confluence/display/MAVEN/MojoExecutionException
