[INFO] Scanning for projects...
[INFO] 
[INFO] ----------------------< com.fern:finance-service >----------------------
[INFO] Building finance-service 1.0-SNAPSHOT
[INFO]   from pom.xml
[INFO] --------------------------------[ jar ]---------------------------------
[INFO] 
[INFO] >>> spring-boot:3.5.8:run (default-cli) > test-compile @ finance-service >>>
[INFO] 
[INFO] --- resources:3.3.1:resources (default-resources) @ finance-service ---
[INFO] Copying 1 resource from src/main/resources to target/classes
[INFO] Copying 9 resources from src/main/resources to target/classes
[INFO] 
[INFO] --- compiler:3.14.1:compile (default-compile) @ finance-service ---
[INFO] Nothing to compile - all classes are up to date.
[INFO] 
[INFO] --- resources:3.3.1:testResources (default-testResources) @ finance-service ---
[INFO] skip non existing resourceDirectory /Users/nguyenhien/Documents/FERN/backend/services/finance-service/src/test/resources
[INFO] 
[INFO] --- compiler:3.14.1:testCompile (default-testCompile) @ finance-service ---
[INFO] Nothing to compile - all classes are up to date.
[INFO] 
[INFO] <<< spring-boot:3.5.8:run (default-cli) < test-compile @ finance-service <<<
[INFO] 
[INFO] 
[INFO] --- spring-boot:3.5.8:run (default-cli) @ finance-service ---
[INFO] Attaching agents: []

  .   ____          _            __ _ _
 /\\ / ___'_ __ _ _(_)_ __  __ _ \ \ \ \
( ( )\___ | '_ | '_| | '_ \/ _` | \ \ \ \
 \\/  ___)| |_)| | | | | || (_| |  ) ) ) )
  '  |____| .__|_| |_|_| |_\__, | / / / /
 =========|_|==============|___/=/_/_/_/

 :: Spring Boot ::                (v3.5.8)

2026-04-01T13:32:58.235+07:00  INFO 87237 --- [finance-service] [           main] c.f.f.FinanceServiceApplication          : Starting FinanceServiceApplication using Java 24.0.2 with PID 87237 (/Users/nguyenhien/Documents/FERN/backend/services/finance-service/target/classes started by nguyenhien in /Users/nguyenhien/Documents/FERN/backend/services/finance-service)
2026-04-01T13:32:58.236+07:00  INFO 87237 --- [finance-service] [           main] c.f.f.FinanceServiceApplication          : The following 1 profile is active: "local"
2026-04-01T13:32:59.111+07:00  INFO 87237 --- [finance-service] [           main] .s.d.r.c.RepositoryConfigurationDelegate : Multiple Spring Data modules found, entering strict repository configuration mode
2026-04-01T13:32:59.112+07:00  INFO 87237 --- [finance-service] [           main] .s.d.r.c.RepositoryConfigurationDelegate : Bootstrapping Spring Data Redis repositories in DEFAULT mode.
2026-04-01T13:32:59.129+07:00  INFO 87237 --- [finance-service] [           main] .s.d.r.c.RepositoryConfigurationDelegate : Finished Spring Data repository scanning in 10 ms. Found 0 Redis repository interfaces.
2026-04-01T13:32:59.770+07:00  INFO 87237 --- [finance-service] [           main] o.s.b.w.embedded.tomcat.TomcatWebServer  : Tomcat initialized with port 8091 (http)
2026-04-01T13:32:59.777+07:00  INFO 87237 --- [finance-service] [           main] o.apache.catalina.core.StandardService   : Starting service [Tomcat]
2026-04-01T13:32:59.777+07:00  INFO 87237 --- [finance-service] [           main] o.apache.catalina.core.StandardEngine    : Starting Servlet engine: [Apache Tomcat/10.1.49]
2026-04-01T13:32:59.818+07:00  INFO 87237 --- [finance-service] [           main] o.a.c.c.C.[Tomcat].[localhost].[/]       : Initializing Spring embedded WebApplicationContext
2026-04-01T13:32:59.818+07:00  INFO 87237 --- [finance-service] [           main] w.s.c.ServletWebServerApplicationContext : Root WebApplicationContext: initialization completed in 1507 ms
2026-04-01T13:33:00.178+07:00  INFO 87237 --- [finance-service] [           main] com.zaxxer.hikari.HikariDataSource       : HikariPool-1 - Starting...
2026-04-01T13:33:00.292+07:00  INFO 87237 --- [finance-service] [           main] com.zaxxer.hikari.pool.HikariPool        : HikariPool-1 - Added connection org.postgresql.jdbc.PgConnection@365bfc5f
2026-04-01T13:33:00.293+07:00  INFO 87237 --- [finance-service] [           main] com.zaxxer.hikari.HikariDataSource       : HikariPool-1 - Start completed.
2026-04-01T13:33:00.315+07:00  INFO 87237 --- [finance-service] [           main] org.flywaydb.core.FlywayExecutor         : Database: jdbc:postgresql://127.0.0.1:55432/fern_master?currentSchema=finance_projection (PostgreSQL 17.9)
2026-04-01T13:33:00.353+07:00  INFO 87237 --- [finance-service] [           main] o.f.core.internal.command.DbValidate     : Successfully validated 2 migrations (execution time 00:00.016s)
2026-04-01T13:33:00.420+07:00  INFO 87237 --- [finance-service] [           main] o.f.core.internal.command.DbMigrate      : Current version of schema "finance_projection": 1
2026-04-01T13:33:00.428+07:00  INFO 87237 --- [finance-service] [           main] o.f.core.internal.command.DbMigrate      : Schema "finance_projection" is up to date. No migration necessary.
2026-04-01T13:33:00.463+07:00  INFO 87237 --- [finance-service] [           main] com.zaxxer.hikari.HikariDataSource       : HikariPool-2 - Starting...
2026-04-01T13:33:00.500+07:00  INFO 87237 --- [finance-service] [           main] com.zaxxer.hikari.pool.HikariPool        : HikariPool-2 - Added connection org.postgresql.jdbc.PgConnection@1ad1be5d
2026-04-01T13:33:00.500+07:00  INFO 87237 --- [finance-service] [           main] com.zaxxer.hikari.HikariDataSource       : HikariPool-2 - Start completed.
2026-04-01T13:33:00.504+07:00  INFO 87237 --- [finance-service] [           main] org.flywaydb.core.FlywayExecutor         : Database: jdbc:postgresql://127.0.0.1:55432/fern_operational?currentSchema=finance (PostgreSQL 17.9)
2026-04-01T13:33:00.561+07:00  INFO 87237 --- [finance-service] [           main] o.f.core.internal.command.DbValidate     : Successfully validated 8 migrations (execution time 00:00.018s)
2026-04-01T13:33:00.616+07:00  INFO 87237 --- [finance-service] [           main] o.f.core.internal.command.DbMigrate      : Current version of schema "finance": 7
2026-04-01T13:33:00.617+07:00  INFO 87237 --- [finance-service] [           main] o.f.core.internal.command.DbMigrate      : Schema "finance" is up to date. No migration necessary.
2026-04-01T13:33:00.633+07:00  INFO 87237 --- [finance-service] [           main] com.zaxxer.hikari.HikariDataSource       : HikariPool-3 - Starting...
2026-04-01T13:33:00.664+07:00  INFO 87237 --- [finance-service] [           main] com.zaxxer.hikari.pool.HikariPool        : HikariPool-3 - Added connection org.postgresql.jdbc.PgConnection@6b2e9db2
2026-04-01T13:33:00.664+07:00  INFO 87237 --- [finance-service] [           main] com.zaxxer.hikari.HikariDataSource       : HikariPool-3 - Start completed.
2026-04-01T13:33:00.665+07:00  INFO 87237 --- [finance-service] [           main] org.flywaydb.core.FlywayExecutor         : Database: jdbc:postgresql://127.0.0.1:55432/fern_master?currentSchema=config (PostgreSQL 17.9)
2026-04-01T13:33:00.692+07:00  INFO 87237 --- [finance-service] [           main] o.f.core.internal.command.DbValidate     : Successfully validated 2 migrations (execution time 00:00.009s)
2026-04-01T13:33:00.741+07:00  INFO 87237 --- [finance-service] [           main] o.f.core.internal.command.DbMigrate      : Current version of schema "config": 1
2026-04-01T13:33:00.742+07:00  INFO 87237 --- [finance-service] [           main] o.f.core.internal.command.DbMigrate      : Schema "config" is up to date. No migration necessary.
WARNING: A terminally deprecated method in sun.misc.Unsafe has been called
WARNING: sun.misc.Unsafe::allocateMemory has been called by io.netty.util.internal.PlatformDependent0$2 (file:/Users/nguyenhien/.m2/repository/io/netty/netty-common/4.1.128.Final/netty-common-4.1.128.Final.jar)
WARNING: Please consider reporting this to the maintainers of class io.netty.util.internal.PlatformDependent0$2
WARNING: sun.misc.Unsafe::allocateMemory will be removed in a future release
2026-04-01T13:33:01.149+07:00  WARN 87237 --- [finance-service] [           main] .s.s.UserDetailsServiceAutoConfiguration : 

Using generated security password: 260125e1-2f91-4364-8845-0c4fe7794c2a

This generated password is for development use only. Your security configuration must be updated before running your application in production.

2026-04-01T13:33:01.152+07:00  INFO 87237 --- [finance-service] [           main] r$InitializeUserDetailsManagerConfigurer : Global AuthenticationManager configured with UserDetailsService bean with name inMemoryUserDetailsManager
2026-04-01T13:33:01.301+07:00  INFO 87237 --- [finance-service] [           main] o.s.b.a.e.web.EndpointLinksResolver      : Exposing 4 endpoints beneath base path '/actuator'
2026-04-01T13:33:01.553+07:00  INFO 87237 --- [finance-service] [           main] o.s.b.w.embedded.tomcat.TomcatWebServer  : Tomcat started on port 8091 (http) with context path '/'
2026-04-01T13:33:01.568+07:00  INFO 87237 --- [finance-service] [           main] o.a.k.clients.consumer.ConsumerConfig    : ConsumerConfig values: 
	allow.auto.create.topics = true
	auto.commit.interval.ms = 5000
	auto.include.jmx.reporter = true
	auto.offset.reset = earliest
	bootstrap.servers = [localhost:9092]
	check.crcs = true
	client.dns.lookup = use_all_dns_ips
	client.id = consumer-finance-service-1
	client.rack = 
	connections.max.idle.ms = 540000
	default.api.timeout.ms = 60000
	enable.auto.commit = false
	enable.metrics.push = true
	exclude.internal.topics = true
	fetch.max.bytes = 52428800
	fetch.max.wait.ms = 500
	fetch.min.bytes = 1
	group.id = finance-service
	group.instance.id = null
	group.protocol = classic
	group.remote.assignor = null
	heartbeat.interval.ms = 3000
	interceptor.classes = []
	internal.leave.group.on.close = true
	internal.throw.on.fetch.stable.offset.unsupported = false
	isolation.level = read_uncommitted
	key.deserializer = class org.apache.kafka.common.serialization.StringDeserializer
	max.partition.fetch.bytes = 1048576
	max.poll.interval.ms = 300000
	max.poll.records = 500
	metadata.max.age.ms = 300000
	metadata.recovery.strategy = none
	metric.reporters = []
	metrics.num.samples = 2
	metrics.recording.level = INFO
	metrics.sample.window.ms = 30000
	partition.assignment.strategy = [class org.apache.kafka.clients.consumer.RangeAssignor, class org.apache.kafka.clients.consumer.CooperativeStickyAssignor]
	receive.buffer.bytes = 65536
	reconnect.backoff.max.ms = 1000
	reconnect.backoff.ms = 50
	request.timeout.ms = 30000
	retry.backoff.max.ms = 1000
	retry.backoff.ms = 100
	sasl.client.callback.handler.class = null
	sasl.jaas.config = null
	sasl.kerberos.kinit.cmd = /usr/bin/kinit
	sasl.kerberos.min.time.before.relogin = 60000
	sasl.kerberos.service.name = null
	sasl.kerberos.ticket.renew.jitter = 0.05
	sasl.kerberos.ticket.renew.window.factor = 0.8
	sasl.login.callback.handler.class = null
	sasl.login.class = null
	sasl.login.connect.timeout.ms = null
	sasl.login.read.timeout.ms = null
	sasl.login.refresh.buffer.seconds = 300
	sasl.login.refresh.min.period.seconds = 60
	sasl.login.refresh.window.factor = 0.8
	sasl.login.refresh.window.jitter = 0.05
	sasl.login.retry.backoff.max.ms = 10000
	sasl.login.retry.backoff.ms = 100
	sasl.mechanism = GSSAPI
	sasl.oauthbearer.clock.skew.seconds = 30
	sasl.oauthbearer.expected.audience = null
	sasl.oauthbearer.expected.issuer = null
	sasl.oauthbearer.header.urlencode = false
	sasl.oauthbearer.jwks.endpoint.refresh.ms = 3600000
	sasl.oauthbearer.jwks.endpoint.retry.backoff.max.ms = 10000
	sasl.oauthbearer.jwks.endpoint.retry.backoff.ms = 100
	sasl.oauthbearer.jwks.endpoint.url = null
	sasl.oauthbearer.scope.claim.name = scope
	sasl.oauthbearer.sub.claim.name = sub
	sasl.oauthbearer.token.endpoint.url = null
	security.protocol = PLAINTEXT
	security.providers = null
	send.buffer.bytes = 131072
	session.timeout.ms = 45000
	socket.connection.setup.timeout.max.ms = 30000
	socket.connection.setup.timeout.ms = 10000
	ssl.cipher.suites = null
	ssl.enabled.protocols = [TLSv1.2, TLSv1.3]
	ssl.endpoint.identification.algorithm = https
	ssl.engine.factory.class = null
	ssl.key.password = null
	ssl.keymanager.algorithm = SunX509
	ssl.keystore.certificate.chain = null
	ssl.keystore.key = null
	ssl.keystore.location = null
	ssl.keystore.password = null
	ssl.keystore.type = JKS
	ssl.protocol = TLSv1.3
	ssl.provider = null
	ssl.secure.random.implementation = null
	ssl.trustmanager.algorithm = PKIX
	ssl.truststore.certificates = null
	ssl.truststore.location = null
	ssl.truststore.password = null
	ssl.truststore.type = JKS
	value.deserializer = class org.apache.kafka.common.serialization.StringDeserializer

2026-04-01T13:33:01.584+07:00  INFO 87237 --- [finance-service] [           main] o.a.k.c.t.i.KafkaMetricsCollector        : initializing Kafka metrics collector
2026-04-01T13:33:01.643+07:00  INFO 87237 --- [finance-service] [           main] o.a.kafka.common.utils.AppInfoParser     : Kafka version: 3.9.1
2026-04-01T13:33:01.643+07:00  INFO 87237 --- [finance-service] [           main] o.a.kafka.common.utils.AppInfoParser     : Kafka commitId: f745dfdcee2b9851
2026-04-01T13:33:01.643+07:00  INFO 87237 --- [finance-service] [           main] o.a.kafka.common.utils.AppInfoParser     : Kafka startTimeMs: 1775025181642
2026-04-01T13:33:01.647+07:00  INFO 87237 --- [finance-service] [           main] o.a.k.c.c.i.ClassicKafkaConsumer         : [Consumer clientId=consumer-finance-service-1, groupId=finance-service] Subscribed to topic(s): procurement.goods_receipt.posted
2026-04-01T13:33:01.651+07:00  INFO 87237 --- [finance-service] [           main] o.a.k.clients.consumer.ConsumerConfig    : ConsumerConfig values: 
	allow.auto.create.topics = true
	auto.commit.interval.ms = 5000
	auto.include.jmx.reporter = true
	auto.offset.reset = earliest
	bootstrap.servers = [localhost:9092]
	check.crcs = true
	client.dns.lookup = use_all_dns_ips
	client.id = consumer-finance-service-2
	client.rack = 
	connections.max.idle.ms = 540000
	default.api.timeout.ms = 60000
	enable.auto.commit = false
	enable.metrics.push = true
	exclude.internal.topics = true
	fetch.max.bytes = 52428800
	fetch.max.wait.ms = 500
	fetch.min.bytes = 1
	group.id = finance-service
	group.instance.id = null
	group.protocol = classic
	group.remote.assignor = null
	heartbeat.interval.ms = 3000
	interceptor.classes = []
	internal.leave.group.on.close = true
	internal.throw.on.fetch.stable.offset.unsupported = false
	isolation.level = read_uncommitted
	key.deserializer = class org.apache.kafka.common.serialization.StringDeserializer
	max.partition.fetch.bytes = 1048576
	max.poll.interval.ms = 300000
	max.poll.records = 500
	metadata.max.age.ms = 300000
	metadata.recovery.strategy = none
	metric.reporters = []
	metrics.num.samples = 2
	metrics.recording.level = INFO
	metrics.sample.window.ms = 30000
	partition.assignment.strategy = [class org.apache.kafka.clients.consumer.RangeAssignor, class org.apache.kafka.clients.consumer.CooperativeStickyAssignor]
	receive.buffer.bytes = 65536
	reconnect.backoff.max.ms = 1000
	reconnect.backoff.ms = 50
	request.timeout.ms = 30000
	retry.backoff.max.ms = 1000
	retry.backoff.ms = 100
	sasl.client.callback.handler.class = null
	sasl.jaas.config = null
	sasl.kerberos.kinit.cmd = /usr/bin/kinit
	sasl.kerberos.min.time.before.relogin = 60000
	sasl.kerberos.service.name = null
	sasl.kerberos.ticket.renew.jitter = 0.05
	sasl.kerberos.ticket.renew.window.factor = 0.8
	sasl.login.callback.handler.class = null
	sasl.login.class = null
	sasl.login.connect.timeout.ms = null
	sasl.login.read.timeout.ms = null
	sasl.login.refresh.buffer.seconds = 300
	sasl.login.refresh.min.period.seconds = 60
	sasl.login.refresh.window.factor = 0.8
	sasl.login.refresh.window.jitter = 0.05
	sasl.login.retry.backoff.max.ms = 10000
	sasl.login.retry.backoff.ms = 100
	sasl.mechanism = GSSAPI
	sasl.oauthbearer.clock.skew.seconds = 30
	sasl.oauthbearer.expected.audience = null
	sasl.oauthbearer.expected.issuer = null
	sasl.oauthbearer.header.urlencode = false
	sasl.oauthbearer.jwks.endpoint.refresh.ms = 3600000
	sasl.oauthbearer.jwks.endpoint.retry.backoff.max.ms = 10000
	sasl.oauthbearer.jwks.endpoint.retry.backoff.ms = 100
	sasl.oauthbearer.jwks.endpoint.url = null
	sasl.oauthbearer.scope.claim.name = scope
	sasl.oauthbearer.sub.claim.name = sub
	sasl.oauthbearer.token.endpoint.url = null
	security.protocol = PLAINTEXT
	security.providers = null
	send.buffer.bytes = 131072
	session.timeout.ms = 45000
	socket.connection.setup.timeout.max.ms = 30000
	socket.connection.setup.timeout.ms = 10000
	ssl.cipher.suites = null
	ssl.enabled.protocols = [TLSv1.2, TLSv1.3]
	ssl.endpoint.identification.algorithm = https
	ssl.engine.factory.class = null
	ssl.key.password = null
	ssl.keymanager.algorithm = SunX509
	ssl.keystore.certificate.chain = null
	ssl.keystore.key = null
	ssl.keystore.location = null
	ssl.keystore.password = null
	ssl.keystore.type = JKS
	ssl.protocol = TLSv1.3
	ssl.provider = null
	ssl.secure.random.implementation = null
	ssl.trustmanager.algorithm = PKIX
	ssl.truststore.certificates = null
	ssl.truststore.location = null
	ssl.truststore.password = null
	ssl.truststore.type = JKS
	value.deserializer = class org.apache.kafka.common.serialization.StringDeserializer

2026-04-01T13:33:01.651+07:00  INFO 87237 --- [finance-service] [           main] o.a.k.c.t.i.KafkaMetricsCollector        : initializing Kafka metrics collector
2026-04-01T13:33:01.653+07:00  INFO 87237 --- [finance-service] [           main] o.a.kafka.common.utils.AppInfoParser     : Kafka version: 3.9.1
2026-04-01T13:33:01.653+07:00  INFO 87237 --- [finance-service] [           main] o.a.kafka.common.utils.AppInfoParser     : Kafka commitId: f745dfdcee2b9851
2026-04-01T13:33:01.653+07:00  INFO 87237 --- [finance-service] [           main] o.a.kafka.common.utils.AppInfoParser     : Kafka startTimeMs: 1775025181653
2026-04-01T13:33:01.655+07:00  INFO 87237 --- [finance-service] [           main] o.a.k.c.c.i.ClassicKafkaConsumer         : [Consumer clientId=consumer-finance-service-2, groupId=finance-service] Subscribed to topic(s): procurement.supplier.payment.recorded
2026-04-01T13:33:01.667+07:00  INFO 87237 --- [finance-service] [           main] c.f.f.FinanceServiceApplication          : Started FinanceServiceApplication in 3.811 seconds (process running for 4.036)
2026-04-01T13:33:01.793+07:00  INFO 87237 --- [finance-service] [ntainer#0-0-C-1] org.apache.kafka.clients.Metadata        : [Consumer clientId=consumer-finance-service-1, groupId=finance-service] Cluster ID: 5L6g3nShT-eMCtK--X86sw
2026-04-01T13:33:01.793+07:00  INFO 87237 --- [finance-service] [ntainer#1-0-C-1] org.apache.kafka.clients.Metadata        : [Consumer clientId=consumer-finance-service-2, groupId=finance-service] Cluster ID: 5L6g3nShT-eMCtK--X86sw
2026-04-01T13:33:01.793+07:00  INFO 87237 --- [finance-service] [ntainer#0-0-C-1] o.a.k.c.c.internals.ConsumerCoordinator  : [Consumer clientId=consumer-finance-service-1, groupId=finance-service] Discovered group coordinator localhost:9092 (id: 2147483646 rack: null)
2026-04-01T13:33:01.793+07:00  INFO 87237 --- [finance-service] [ntainer#1-0-C-1] o.a.k.c.c.internals.ConsumerCoordinator  : [Consumer clientId=consumer-finance-service-2, groupId=finance-service] Discovered group coordinator localhost:9092 (id: 2147483646 rack: null)
2026-04-01T13:33:01.794+07:00  INFO 87237 --- [finance-service] [ntainer#0-0-C-1] o.a.k.c.c.internals.ConsumerCoordinator  : [Consumer clientId=consumer-finance-service-1, groupId=finance-service] (Re-)joining group
2026-04-01T13:33:01.794+07:00  INFO 87237 --- [finance-service] [ntainer#1-0-C-1] o.a.k.c.c.internals.ConsumerCoordinator  : [Consumer clientId=consumer-finance-service-2, groupId=finance-service] (Re-)joining group
2026-04-01T13:33:01.801+07:00  INFO 87237 --- [finance-service] [ntainer#0-0-C-1] o.a.k.c.c.internals.ConsumerCoordinator  : [Consumer clientId=consumer-finance-service-1, groupId=finance-service] Request joining group due to: need to re-join with the given member-id: consumer-finance-service-1-f7601220-25eb-4be8-81bd-2b3768dca835
2026-04-01T13:33:01.801+07:00  INFO 87237 --- [finance-service] [ntainer#1-0-C-1] o.a.k.c.c.internals.ConsumerCoordinator  : [Consumer clientId=consumer-finance-service-2, groupId=finance-service] Request joining group due to: need to re-join with the given member-id: consumer-finance-service-2-bc535ef5-02b9-409f-9c89-9518b55e5648
2026-04-01T13:33:01.801+07:00  INFO 87237 --- [finance-service] [ntainer#0-0-C-1] o.a.k.c.c.internals.ConsumerCoordinator  : [Consumer clientId=consumer-finance-service-1, groupId=finance-service] (Re-)joining group
2026-04-01T13:33:01.801+07:00  INFO 87237 --- [finance-service] [ntainer#1-0-C-1] o.a.k.c.c.internals.ConsumerCoordinator  : [Consumer clientId=consumer-finance-service-2, groupId=finance-service] (Re-)joining group
2026-04-01T13:33:07.810+07:00  INFO 87237 --- [finance-service] [ntainer#0-0-C-1] o.a.k.c.c.internals.ConsumerCoordinator  : [Consumer clientId=consumer-finance-service-1, groupId=finance-service] Successfully joined group with generation Generation{generationId=19, memberId='consumer-finance-service-1-f7601220-25eb-4be8-81bd-2b3768dca835', protocol='range'}
2026-04-01T13:33:07.810+07:00  INFO 87237 --- [finance-service] [ntainer#1-0-C-1] o.a.k.c.c.internals.ConsumerCoordinator  : [Consumer clientId=consumer-finance-service-2, groupId=finance-service] Successfully joined group with generation Generation{generationId=19, memberId='consumer-finance-service-2-bc535ef5-02b9-409f-9c89-9518b55e5648', protocol='range'}
2026-04-01T13:33:07.828+07:00  INFO 87237 --- [finance-service] [ntainer#1-0-C-1] o.a.k.c.c.internals.ConsumerCoordinator  : [Consumer clientId=consumer-finance-service-2, groupId=finance-service] Finished assignment for group at generation 19: {consumer-finance-service-1-f7601220-25eb-4be8-81bd-2b3768dca835=Assignment(partitions=[procurement.goods_receipt.posted-0]), consumer-finance-service-2-bc535ef5-02b9-409f-9c89-9518b55e5648=Assignment(partitions=[procurement.supplier.payment.recorded-0])}
2026-04-01T13:33:07.838+07:00  INFO 87237 --- [finance-service] [ntainer#1-0-C-1] o.a.k.c.c.internals.ConsumerCoordinator  : [Consumer clientId=consumer-finance-service-2, groupId=finance-service] Successfully synced group in generation Generation{generationId=19, memberId='consumer-finance-service-2-bc535ef5-02b9-409f-9c89-9518b55e5648', protocol='range'}
2026-04-01T13:33:07.838+07:00  INFO 87237 --- [finance-service] [ntainer#0-0-C-1] o.a.k.c.c.internals.ConsumerCoordinator  : [Consumer clientId=consumer-finance-service-1, groupId=finance-service] Successfully synced group in generation Generation{generationId=19, memberId='consumer-finance-service-1-f7601220-25eb-4be8-81bd-2b3768dca835', protocol='range'}
2026-04-01T13:33:07.839+07:00  INFO 87237 --- [finance-service] [ntainer#1-0-C-1] o.a.k.c.c.internals.ConsumerCoordinator  : [Consumer clientId=consumer-finance-service-2, groupId=finance-service] Notifying assignor about the new Assignment(partitions=[procurement.supplier.payment.recorded-0])
2026-04-01T13:33:07.839+07:00  INFO 87237 --- [finance-service] [ntainer#0-0-C-1] o.a.k.c.c.internals.ConsumerCoordinator  : [Consumer clientId=consumer-finance-service-1, groupId=finance-service] Notifying assignor about the new Assignment(partitions=[procurement.goods_receipt.posted-0])
2026-04-01T13:33:07.841+07:00  INFO 87237 --- [finance-service] [ntainer#1-0-C-1] k.c.c.i.ConsumerRebalanceListenerInvoker : [Consumer clientId=consumer-finance-service-2, groupId=finance-service] Adding newly assigned partitions: procurement.supplier.payment.recorded-0
2026-04-01T13:33:07.841+07:00  INFO 87237 --- [finance-service] [ntainer#0-0-C-1] k.c.c.i.ConsumerRebalanceListenerInvoker : [Consumer clientId=consumer-finance-service-1, groupId=finance-service] Adding newly assigned partitions: procurement.goods_receipt.posted-0
2026-04-01T13:33:07.846+07:00  INFO 87237 --- [finance-service] [ntainer#1-0-C-1] o.a.k.c.c.internals.ConsumerUtils        : Setting offset for partition procurement.supplier.payment.recorded-0 to the committed offset FetchPosition{offset=3, offsetEpoch=Optional.empty, currentLeader=LeaderAndEpoch{leader=Optional[localhost:9092 (id: 1 rack: null)], epoch=0}}
2026-04-01T13:33:07.846+07:00  INFO 87237 --- [finance-service] [ntainer#0-0-C-1] o.a.k.c.c.internals.ConsumerUtils        : Setting offset for partition procurement.goods_receipt.posted-0 to the committed offset FetchPosition{offset=3, offsetEpoch=Optional.empty, currentLeader=LeaderAndEpoch{leader=Optional[localhost:9092 (id: 1 rack: null)], epoch=0}}
2026-04-01T13:33:07.846+07:00  INFO 87237 --- [finance-service] [ntainer#1-0-C-1] o.s.k.l.KafkaMessageListenerContainer    : finance-service: partitions assigned: [procurement.supplier.payment.recorded-0]
2026-04-01T13:33:07.846+07:00  INFO 87237 --- [finance-service] [ntainer#0-0-C-1] o.s.k.l.KafkaMessageListenerContainer    : finance-service: partitions assigned: [procurement.goods_receipt.posted-0]
2026-04-01T13:39:27.461+07:00  INFO 87237 --- [finance-service] [nio-8091-exec-1] o.a.c.c.C.[Tomcat].[localhost].[/]       : Initializing Spring DispatcherServlet 'dispatcherServlet'
2026-04-01T13:39:27.461+07:00  INFO 87237 --- [finance-service] [nio-8091-exec-1] o.s.web.servlet.DispatcherServlet        : Initializing Servlet 'dispatcherServlet'
2026-04-01T13:39:27.464+07:00  INFO 87237 --- [finance-service] [nio-8091-exec-1] o.s.web.servlet.DispatcherServlet        : Completed initialization in 3 ms
2026-04-01T13:43:55.655+07:00  INFO 87237 --- [finance-service] [finance-service] o.a.k.c.c.internals.ConsumerCoordinator  : [Consumer clientId=consumer-finance-service-1, groupId=finance-service] Group coordinator localhost:9092 (id: 2147483646 rack: null) is unavailable or invalid due to cause: session timed out without receiving a heartbeat response. isDisconnected: false. Rediscovery will be attempted.
2026-04-01T13:43:55.656+07:00  INFO 87237 --- [finance-service] [finance-service] o.a.k.c.c.internals.ConsumerCoordinator  : [Consumer clientId=consumer-finance-service-2, groupId=finance-service] Group coordinator localhost:9092 (id: 2147483646 rack: null) is unavailable or invalid due to cause: session timed out without receiving a heartbeat response. isDisconnected: false. Rediscovery will be attempted.
2026-04-01T13:43:55.779+07:00  INFO 87237 --- [finance-service] [finance-service] o.a.k.c.c.internals.ConsumerCoordinator  : [Consumer clientId=consumer-finance-service-1, groupId=finance-service] Requesting disconnect from last known coordinator localhost:9092 (id: 2147483646 rack: null)
2026-04-01T13:43:55.779+07:00  INFO 87237 --- [finance-service] [finance-service] o.a.k.c.c.internals.ConsumerCoordinator  : [Consumer clientId=consumer-finance-service-2, groupId=finance-service] Requesting disconnect from last known coordinator localhost:9092 (id: 2147483646 rack: null)
2026-04-01T13:43:55.779+07:00  INFO 87237 --- [finance-service] [finance-service] org.apache.kafka.clients.NetworkClient   : [Consumer clientId=consumer-finance-service-1, groupId=finance-service] Client requested disconnect from node 2147483646
2026-04-01T13:43:55.780+07:00  INFO 87237 --- [finance-service] [finance-service] org.apache.kafka.clients.NetworkClient   : [Consumer clientId=consumer-finance-service-2, groupId=finance-service] Client requested disconnect from node 2147483646
2026-04-01T13:43:55.788+07:00  INFO 87237 --- [finance-service] [ntainer#0-0-C-1] o.a.k.c.c.internals.ConsumerCoordinator  : [Consumer clientId=consumer-finance-service-1, groupId=finance-service] Discovered group coordinator localhost:9092 (id: 2147483646 rack: null)
2026-04-01T13:43:55.788+07:00  INFO 87237 --- [finance-service] [ntainer#0-0-C-1] o.a.k.c.c.internals.ConsumerCoordinator  : [Consumer clientId=consumer-finance-service-1, groupId=finance-service] Group coordinator localhost:9092 (id: 2147483646 rack: null) is unavailable or invalid due to cause: coordinator unavailable. isDisconnected: false. Rediscovery will be attempted.
2026-04-01T13:43:55.788+07:00  INFO 87237 --- [finance-service] [ntainer#1-0-C-1] o.a.k.c.c.internals.ConsumerCoordinator  : [Consumer clientId=consumer-finance-service-2, groupId=finance-service] Discovered group coordinator localhost:9092 (id: 2147483646 rack: null)
2026-04-01T13:43:55.788+07:00  INFO 87237 --- [finance-service] [ntainer#1-0-C-1] o.a.k.c.c.internals.ConsumerCoordinator  : [Consumer clientId=consumer-finance-service-2, groupId=finance-service] Group coordinator localhost:9092 (id: 2147483646 rack: null) is unavailable or invalid due to cause: coordinator unavailable. isDisconnected: false. Rediscovery will be attempted.
2026-04-01T13:43:55.788+07:00  INFO 87237 --- [finance-service] [ntainer#1-0-C-1] o.a.k.c.c.internals.ConsumerCoordinator  : [Consumer clientId=consumer-finance-service-2, groupId=finance-service] Requesting disconnect from last known coordinator localhost:9092 (id: 2147483646 rack: null)
2026-04-01T13:43:55.788+07:00  INFO 87237 --- [finance-service] [ntainer#0-0-C-1] o.a.k.c.c.internals.ConsumerCoordinator  : [Consumer clientId=consumer-finance-service-1, groupId=finance-service] Requesting disconnect from last known coordinator localhost:9092 (id: 2147483646 rack: null)
2026-04-01T13:43:55.888+07:00  INFO 87237 --- [finance-service] [ntainer#0-0-C-1] o.a.k.c.c.internals.ConsumerCoordinator  : [Consumer clientId=consumer-finance-service-1, groupId=finance-service] Discovered group coordinator localhost:9092 (id: 2147483646 rack: null)
2026-04-01T13:43:55.909+07:00  INFO 87237 --- [finance-service] [ntainer#1-0-C-1] o.a.k.c.c.internals.ConsumerCoordinator  : [Consumer clientId=consumer-finance-service-2, groupId=finance-service] Discovered group coordinator localhost:9092 (id: 2147483646 rack: null)
2026-04-01T13:44:21.936+07:00  WARN 87237 --- [finance-service] [l-1:housekeeper] com.zaxxer.hikari.pool.HikariPool        : HikariPool-1 - Thread starvation or clock leap detected (housekeeper delta=2m44s323ms).
2026-04-01T13:44:22.162+07:00  WARN 87237 --- [finance-service] [l-2:housekeeper] com.zaxxer.hikari.pool.HikariPool        : HikariPool-2 - Thread starvation or clock leap detected (housekeeper delta=2m44s331ms).
2026-04-01T13:44:22.316+07:00  WARN 87237 --- [finance-service] [l-3:housekeeper] com.zaxxer.hikari.pool.HikariPool        : HikariPool-3 - Thread starvation or clock leap detected (housekeeper delta=2m44s326ms).
2026-04-01T13:47:52.320+07:00  INFO 87237 --- [finance-service] [finance-service] o.a.k.c.c.internals.ConsumerCoordinator  : [Consumer clientId=consumer-finance-service-2, groupId=finance-service] Group coordinator localhost:9092 (id: 2147483646 rack: null) is unavailable or invalid due to cause: session timed out without receiving a heartbeat response. isDisconnected: false. Rediscovery will be attempted.
2026-04-01T13:47:52.320+07:00  INFO 87237 --- [finance-service] [finance-service] o.a.k.c.c.internals.ConsumerCoordinator  : [Consumer clientId=consumer-finance-service-2, groupId=finance-service] Requesting disconnect from last known coordinator localhost:9092 (id: 2147483646 rack: null)
2026-04-01T13:47:52.320+07:00  INFO 87237 --- [finance-service] [finance-service] o.a.k.c.c.internals.ConsumerCoordinator  : [Consumer clientId=consumer-finance-service-1, groupId=finance-service] Group coordinator localhost:9092 (id: 2147483646 rack: null) is unavailable or invalid due to cause: session timed out without receiving a heartbeat response. isDisconnected: false. Rediscovery will be attempted.
2026-04-01T13:47:52.320+07:00  INFO 87237 --- [finance-service] [finance-service] org.apache.kafka.clients.NetworkClient   : [Consumer clientId=consumer-finance-service-2, groupId=finance-service] Client requested disconnect from node 2147483646
2026-04-01T13:47:52.320+07:00  INFO 87237 --- [finance-service] [finance-service] o.a.k.c.c.internals.ConsumerCoordinator  : [Consumer clientId=consumer-finance-service-1, groupId=finance-service] Requesting disconnect from last known coordinator localhost:9092 (id: 2147483646 rack: null)
2026-04-01T13:47:52.320+07:00  INFO 87237 --- [finance-service] [finance-service] org.apache.kafka.clients.NetworkClient   : [Consumer clientId=consumer-finance-service-1, groupId=finance-service] Client requested disconnect from node 2147483646
2026-04-01T13:47:52.324+07:00  INFO 87237 --- [finance-service] [ntainer#0-0-C-1] o.a.k.c.c.internals.ConsumerCoordinator  : [Consumer clientId=consumer-finance-service-1, groupId=finance-service] Discovered group coordinator localhost:9092 (id: 2147483646 rack: null)
2026-04-01T13:47:52.324+07:00  INFO 87237 --- [finance-service] [ntainer#1-0-C-1] o.a.k.c.c.internals.ConsumerCoordinator  : [Consumer clientId=consumer-finance-service-2, groupId=finance-service] Discovered group coordinator localhost:9092 (id: 2147483646 rack: null)
2026-04-01T13:47:52.324+07:00  INFO 87237 --- [finance-service] [ntainer#0-0-C-1] o.a.k.c.c.internals.ConsumerCoordinator  : [Consumer clientId=consumer-finance-service-1, groupId=finance-service] Group coordinator localhost:9092 (id: 2147483646 rack: null) is unavailable or invalid due to cause: coordinator unavailable. isDisconnected: false. Rediscovery will be attempted.
2026-04-01T13:47:52.324+07:00  INFO 87237 --- [finance-service] [ntainer#1-0-C-1] o.a.k.c.c.internals.ConsumerCoordinator  : [Consumer clientId=consumer-finance-service-2, groupId=finance-service] Group coordinator localhost:9092 (id: 2147483646 rack: null) is unavailable or invalid due to cause: coordinator unavailable. isDisconnected: false. Rediscovery will be attempted.
2026-04-01T13:47:52.324+07:00  INFO 87237 --- [finance-service] [ntainer#1-0-C-1] o.a.k.c.c.internals.ConsumerCoordinator  : [Consumer clientId=consumer-finance-service-2, groupId=finance-service] Requesting disconnect from last known coordinator localhost:9092 (id: 2147483646 rack: null)
2026-04-01T13:47:52.324+07:00  INFO 87237 --- [finance-service] [ntainer#0-0-C-1] o.a.k.c.c.internals.ConsumerCoordinator  : [Consumer clientId=consumer-finance-service-1, groupId=finance-service] Requesting disconnect from last known coordinator localhost:9092 (id: 2147483646 rack: null)
2026-04-01T13:47:52.426+07:00  INFO 87237 --- [finance-service] [ntainer#1-0-C-1] o.a.k.c.c.internals.ConsumerCoordinator  : [Consumer clientId=consumer-finance-service-2, groupId=finance-service] Discovered group coordinator localhost:9092 (id: 2147483646 rack: null)
2026-04-01T13:47:52.442+07:00  INFO 87237 --- [finance-service] [ntainer#0-0-C-1] o.a.k.c.c.internals.ConsumerCoordinator  : [Consumer clientId=consumer-finance-service-1, groupId=finance-service] Discovered group coordinator localhost:9092 (id: 2147483646 rack: null)
2026-04-01T13:48:07.876+07:00  WARN 87237 --- [finance-service] [l-1:housekeeper] com.zaxxer.hikari.pool.HikariPool        : HikariPool-1 - Thread starvation or clock leap detected (housekeeper delta=3m45s940ms).
2026-04-01T13:48:08.099+07:00  WARN 87237 --- [finance-service] [l-2:housekeeper] com.zaxxer.hikari.pool.HikariPool        : HikariPool-2 - Thread starvation or clock leap detected (housekeeper delta=3m45s937ms).
2026-04-01T13:48:08.253+07:00  WARN 87237 --- [finance-service] [l-3:housekeeper] com.zaxxer.hikari.pool.HikariPool        : HikariPool-3 - Thread starvation or clock leap detected (housekeeper delta=3m45s936ms).
2026-04-01T13:49:24.620+07:00  WARN 87237 --- [finance-service] [l-1:housekeeper] com.zaxxer.hikari.pool.HikariPool        : HikariPool-1 - Thread starvation or clock leap detected (housekeeper delta=46s736ms).
2026-04-01T13:49:24.843+07:00  WARN 87237 --- [finance-service] [l-2:housekeeper] com.zaxxer.hikari.pool.HikariPool        : HikariPool-2 - Thread starvation or clock leap detected (housekeeper delta=46s736ms).
2026-04-01T13:49:25.002+07:00  WARN 87237 --- [finance-service] [l-3:housekeeper] com.zaxxer.hikari.pool.HikariPool        : HikariPool-3 - Thread starvation or clock leap detected (housekeeper delta=46s739ms).
2026-04-01T14:00:55.277+07:00  INFO 87237 --- [finance-service] [finance-service] o.a.k.c.c.internals.ConsumerCoordinator  : [Consumer clientId=consumer-finance-service-2, groupId=finance-service] Group coordinator localhost:9092 (id: 2147483646 rack: null) is unavailable or invalid due to cause: session timed out without receiving a heartbeat response. isDisconnected: false. Rediscovery will be attempted.
2026-04-01T14:00:55.298+07:00  INFO 87237 --- [finance-service] [finance-service] o.a.k.c.c.internals.ConsumerCoordinator  : [Consumer clientId=consumer-finance-service-2, groupId=finance-service] Requesting disconnect from last known coordinator localhost:9092 (id: 2147483646 rack: null)
2026-04-01T14:00:55.300+07:00  INFO 87237 --- [finance-service] [finance-service] org.apache.kafka.clients.NetworkClient   : [Consumer clientId=consumer-finance-service-2, groupId=finance-service] Client requested disconnect from node 2147483646
2026-04-01T14:00:55.304+07:00  INFO 87237 --- [finance-service] [ntainer#1-0-C-1] o.a.k.c.c.internals.ConsumerCoordinator  : [Consumer clientId=consumer-finance-service-2, groupId=finance-service] Discovered group coordinator localhost:9092 (id: 2147483646 rack: null)
2026-04-01T14:00:55.305+07:00  INFO 87237 --- [finance-service] [ntainer#1-0-C-1] o.a.k.c.c.internals.ConsumerCoordinator  : [Consumer clientId=consumer-finance-service-2, groupId=finance-service] Group coordinator localhost:9092 (id: 2147483646 rack: null) is unavailable or invalid due to cause: coordinator unavailable. isDisconnected: false. Rediscovery will be attempted.
2026-04-01T14:00:55.305+07:00  INFO 87237 --- [finance-service] [ntainer#1-0-C-1] o.a.k.c.c.internals.ConsumerCoordinator  : [Consumer clientId=consumer-finance-service-2, groupId=finance-service] Requesting disconnect from last known coordinator localhost:9092 (id: 2147483646 rack: null)
2026-04-01T14:00:55.441+07:00  INFO 87237 --- [finance-service] [ntainer#1-0-C-1] o.a.k.c.c.internals.ConsumerCoordinator  : [Consumer clientId=consumer-finance-service-2, groupId=finance-service] Discovered group coordinator localhost:9092 (id: 2147483646 rack: null)
2026-04-01T14:00:55.459+07:00  INFO 87237 --- [finance-service] [finance-service] o.a.k.c.c.internals.ConsumerCoordinator  : [Consumer clientId=consumer-finance-service-1, groupId=finance-service] Group coordinator localhost:9092 (id: 2147483646 rack: null) is unavailable or invalid due to cause: session timed out without receiving a heartbeat response. isDisconnected: false. Rediscovery will be attempted.
2026-04-01T14:00:55.469+07:00  INFO 87237 --- [finance-service] [finance-service] o.a.k.c.c.internals.ConsumerCoordinator  : [Consumer clientId=consumer-finance-service-1, groupId=finance-service] Requesting disconnect from last known coordinator localhost:9092 (id: 2147483646 rack: null)
2026-04-01T14:00:55.469+07:00  INFO 87237 --- [finance-service] [finance-service] org.apache.kafka.clients.NetworkClient   : [Consumer clientId=consumer-finance-service-1, groupId=finance-service] Client requested disconnect from node 2147483646
2026-04-01T14:00:55.476+07:00  INFO 87237 --- [finance-service] [ntainer#0-0-C-1] o.a.k.c.c.internals.ConsumerCoordinator  : [Consumer clientId=consumer-finance-service-1, groupId=finance-service] Discovered group coordinator localhost:9092 (id: 2147483646 rack: null)
2026-04-01T14:00:55.478+07:00  INFO 87237 --- [finance-service] [ntainer#0-0-C-1] o.a.k.c.c.internals.ConsumerCoordinator  : [Consumer clientId=consumer-finance-service-1, groupId=finance-service] Group coordinator localhost:9092 (id: 2147483646 rack: null) is unavailable or invalid due to cause: coordinator unavailable. isDisconnected: false. Rediscovery will be attempted.
2026-04-01T14:00:55.479+07:00  INFO 87237 --- [finance-service] [ntainer#0-0-C-1] o.a.k.c.c.internals.ConsumerCoordinator  : [Consumer clientId=consumer-finance-service-1, groupId=finance-service] Requesting disconnect from last known coordinator localhost:9092 (id: 2147483646 rack: null)
2026-04-01T14:00:55.590+07:00  INFO 87237 --- [finance-service] [ntainer#0-0-C-1] o.a.k.c.c.internals.ConsumerCoordinator  : [Consumer clientId=consumer-finance-service-1, groupId=finance-service] Discovered group coordinator localhost:9092 (id: 2147483646 rack: null)
2026-04-01T14:01:11.030+07:00  WARN 87237 --- [finance-service] [l-1:housekeeper] com.zaxxer.hikari.pool.HikariPool        : HikariPool-1 - Thread starvation or clock leap detected (housekeeper delta=11m46s410ms).
2026-04-01T14:01:11.244+07:00  WARN 87237 --- [finance-service] [l-2:housekeeper] com.zaxxer.hikari.pool.HikariPool        : HikariPool-2 - Thread starvation or clock leap detected (housekeeper delta=11m46s401ms).
2026-04-01T14:01:11.411+07:00  WARN 87237 --- [finance-service] [l-3:housekeeper] com.zaxxer.hikari.pool.HikariPool        : HikariPool-3 - Thread starvation or clock leap detected (housekeeper delta=11m46s409ms).
2026-04-01T17:46:09.279+07:00  INFO 87237 --- [finance-service] [ntainer#0-0-C-1] k.c.c.i.ConsumerRebalanceListenerInvoker : [Consumer clientId=consumer-finance-service-1, groupId=finance-service] Revoke previously assigned partitions procurement.goods_receipt.posted-0
2026-04-01T17:46:09.279+07:00  INFO 87237 --- [finance-service] [ntainer#1-0-C-1] k.c.c.i.ConsumerRebalanceListenerInvoker : [Consumer clientId=consumer-finance-service-2, groupId=finance-service] Revoke previously assigned partitions procurement.supplier.payment.recorded-0
2026-04-01T17:46:09.282+07:00  INFO 87237 --- [finance-service] [ntainer#1-0-C-1] o.s.k.l.KafkaMessageListenerContainer    : finance-service: partitions revoked: [procurement.supplier.payment.recorded-0]
2026-04-01T17:46:09.282+07:00  INFO 87237 --- [finance-service] [ntainer#0-0-C-1] o.s.k.l.KafkaMessageListenerContainer    : finance-service: partitions revoked: [procurement.goods_receipt.posted-0]
2026-04-01T17:46:09.282+07:00  INFO 87237 --- [finance-service] [ntainer#1-0-C-1] o.a.k.c.c.internals.ConsumerCoordinator  : [Consumer clientId=consumer-finance-service-2, groupId=finance-service] Member consumer-finance-service-2-bc535ef5-02b9-409f-9c89-9518b55e5648 sending LeaveGroup request to coordinator localhost:9092 (id: 2147483646 rack: null) due to the consumer unsubscribed from all topics
2026-04-01T17:46:09.282+07:00  INFO 87237 --- [finance-service] [ntainer#0-0-C-1] o.a.k.c.c.internals.ConsumerCoordinator  : [Consumer clientId=consumer-finance-service-1, groupId=finance-service] Member consumer-finance-service-1-f7601220-25eb-4be8-81bd-2b3768dca835 sending LeaveGroup request to coordinator localhost:9092 (id: 2147483646 rack: null) due to the consumer unsubscribed from all topics
2026-04-01T17:46:09.283+07:00  INFO 87237 --- [finance-service] [ntainer#1-0-C-1] o.a.k.c.c.internals.ConsumerCoordinator  : [Consumer clientId=consumer-finance-service-2, groupId=finance-service] Resetting generation and member id due to: consumer pro-actively leaving the group
2026-04-01T17:46:09.283+07:00  INFO 87237 --- [finance-service] [ntainer#1-0-C-1] o.a.k.c.c.internals.ConsumerCoordinator  : [Consumer clientId=consumer-finance-service-2, groupId=finance-service] Request joining group due to: consumer pro-actively leaving the group
2026-04-01T17:46:09.284+07:00  INFO 87237 --- [finance-service] [ntainer#0-0-C-1] o.a.k.c.c.internals.ConsumerCoordinator  : [Consumer clientId=consumer-finance-service-1, groupId=finance-service] Resetting generation and member id due to: consumer pro-actively leaving the group
2026-04-01T17:46:09.284+07:00  INFO 87237 --- [finance-service] [ntainer#0-0-C-1] o.a.k.c.c.internals.ConsumerCoordinator  : [Consumer clientId=consumer-finance-service-1, groupId=finance-service] Request joining group due to: consumer pro-actively leaving the group
2026-04-01T17:46:09.284+07:00  INFO 87237 --- [finance-service] [ntainer#0-0-C-1] o.a.k.c.c.i.ClassicKafkaConsumer         : [Consumer clientId=consumer-finance-service-1, groupId=finance-service] Unsubscribed all topics or patterns and assigned partitions
2026-04-01T17:46:09.284+07:00  INFO 87237 --- [finance-service] [ntainer#1-0-C-1] o.a.k.c.c.i.ClassicKafkaConsumer         : [Consumer clientId=consumer-finance-service-2, groupId=finance-service] Unsubscribed all topics or patterns and assigned partitions
2026-04-01T17:46:09.296+07:00  INFO 87237 --- [finance-service] [ntainer#0-0-C-1] o.a.k.c.c.internals.ConsumerCoordinator  : [Consumer clientId=consumer-finance-service-1, groupId=finance-service] Resetting generation and member id due to: consumer pro-actively leaving the group
2026-04-01T17:46:09.296+07:00  INFO 87237 --- [finance-service] [ntainer#0-0-C-1] o.a.k.c.c.internals.ConsumerCoordinator  : [Consumer clientId=consumer-finance-service-1, groupId=finance-service] Request joining group due to: consumer pro-actively leaving the group
2026-04-01T17:46:09.296+07:00  INFO 87237 --- [finance-service] [ntainer#1-0-C-1] o.a.k.c.c.internals.ConsumerCoordinator  : [Consumer clientId=consumer-finance-service-2, groupId=finance-service] Resetting generation and member id due to: consumer pro-actively leaving the group
2026-04-01T17:46:09.296+07:00  INFO 87237 --- [finance-service] [ntainer#1-0-C-1] o.a.k.c.c.internals.ConsumerCoordinator  : [Consumer clientId=consumer-finance-service-2, groupId=finance-service] Request joining group due to: consumer pro-actively leaving the group
2026-04-01T17:46:09.481+07:00  INFO 87237 --- [finance-service] [ntainer#0-0-C-1] o.apache.kafka.common.metrics.Metrics    : Metrics scheduler closed
2026-04-01T17:46:09.482+07:00  INFO 87237 --- [finance-service] [ntainer#0-0-C-1] o.apache.kafka.common.metrics.Metrics    : Closing reporter org.apache.kafka.common.metrics.JmxReporter
2026-04-01T17:46:09.482+07:00  INFO 87237 --- [finance-service] [ntainer#0-0-C-1] o.apache.kafka.common.metrics.Metrics    : Closing reporter org.apache.kafka.common.telemetry.internals.ClientTelemetryReporter
2026-04-01T17:46:09.482+07:00  INFO 87237 --- [finance-service] [ntainer#0-0-C-1] o.apache.kafka.common.metrics.Metrics    : Metrics reporters closed
2026-04-01T17:46:09.483+07:00  INFO 87237 --- [finance-service] [ntainer#1-0-C-1] o.apache.kafka.common.metrics.Metrics    : Metrics scheduler closed
2026-04-01T17:46:09.483+07:00  INFO 87237 --- [finance-service] [ntainer#1-0-C-1] o.apache.kafka.common.metrics.Metrics    : Closing reporter org.apache.kafka.common.metrics.JmxReporter
2026-04-01T17:46:09.483+07:00  INFO 87237 --- [finance-service] [ntainer#1-0-C-1] o.apache.kafka.common.metrics.Metrics    : Closing reporter org.apache.kafka.common.telemetry.internals.ClientTelemetryReporter
2026-04-01T17:46:09.483+07:00  INFO 87237 --- [finance-service] [ntainer#1-0-C-1] o.apache.kafka.common.metrics.Metrics    : Metrics reporters closed
2026-04-01T17:46:09.489+07:00  INFO 87237 --- [finance-service] [ntainer#1-0-C-1] o.a.kafka.common.utils.AppInfoParser     : App info kafka.consumer for consumer-finance-service-2 unregistered
2026-04-01T17:46:09.490+07:00  INFO 87237 --- [finance-service] [ntainer#1-0-C-1] o.s.k.l.KafkaMessageListenerContainer    : finance-service: Consumer stopped
2026-04-01T17:46:09.494+07:00  INFO 87237 --- [finance-service] [ntainer#0-0-C-1] o.a.kafka.common.utils.AppInfoParser     : App info kafka.consumer for consumer-finance-service-1 unregistered
2026-04-01T17:46:09.495+07:00  INFO 87237 --- [finance-service] [ntainer#0-0-C-1] o.s.k.l.KafkaMessageListenerContainer    : finance-service: Consumer stopped
2026-04-01T17:46:09.500+07:00  INFO 87237 --- [finance-service] [ionShutdownHook] o.s.b.w.e.tomcat.GracefulShutdown        : Commencing graceful shutdown. Waiting for active requests to complete
2026-04-01T17:46:09.505+07:00  INFO 87237 --- [finance-service] [tomcat-shutdown] o.s.b.w.e.tomcat.GracefulShutdown        : Graceful shutdown complete
2026-04-01T17:46:09.537+07:00  INFO 87237 --- [finance-service] [ionShutdownHook] com.zaxxer.hikari.HikariDataSource       : HikariPool-3 - Shutdown initiated...
2026-04-01T17:46:09.539+07:00  INFO 87237 --- [finance-service] [ionShutdownHook] com.zaxxer.hikari.HikariDataSource       : HikariPool-3 - Shutdown completed.
2026-04-01T17:46:09.540+07:00  INFO 87237 --- [finance-service] [ionShutdownHook] com.zaxxer.hikari.HikariDataSource       : HikariPool-2 - Shutdown initiated...
2026-04-01T17:46:09.542+07:00  INFO 87237 --- [finance-service] [ionShutdownHook] com.zaxxer.hikari.HikariDataSource       : HikariPool-2 - Shutdown completed.
2026-04-01T17:46:09.542+07:00  INFO 87237 --- [finance-service] [ionShutdownHook] com.zaxxer.hikari.HikariDataSource       : HikariPool-1 - Shutdown initiated...
2026-04-01T17:46:09.545+07:00  INFO 87237 --- [finance-service] [ionShutdownHook] com.zaxxer.hikari.HikariDataSource       : HikariPool-1 - Shutdown completed.
[INFO] ------------------------------------------------------------------------
[INFO] BUILD FAILURE
[INFO] ------------------------------------------------------------------------
[INFO] Total time:  04:13 h
[INFO] Finished at: 2026-04-01T17:46:09+07:00
[INFO] ------------------------------------------------------------------------
[ERROR] Failed to execute goal org.springframework.boot:spring-boot-maven-plugin:3.5.8:run (default-cli) on project finance-service: Process terminated with exit code: 143 -> [Help 1]
[ERROR] 
[ERROR] To see the full stack trace of the errors, re-run Maven with the -e switch.
[ERROR] Re-run Maven using the -X switch to enable full debug logging.
[ERROR] 
[ERROR] For more information about the errors and possible solutions, please read the following articles:
[ERROR] [Help 1] http://cwiki.apache.org/confluence/display/MAVEN/MojoExecutionException
