[INFO] Scanning for projects...
[INFO] 
[INFO] ------------------------< com.fern:pos-service >------------------------
[INFO] Building pos-service 1.0-SNAPSHOT
[INFO]   from pom.xml
[INFO] --------------------------------[ jar ]---------------------------------
[INFO] 
[INFO] >>> spring-boot:3.5.8:run (default-cli) > test-compile @ pos-service >>>
[INFO] 
[INFO] --- resources:3.3.1:resources (default-resources) @ pos-service ---
[INFO] Copying 1 resource from src/main/resources to target/classes
[INFO] Copying 6 resources from src/main/resources to target/classes
[INFO] 
[INFO] --- compiler:3.14.1:compile (default-compile) @ pos-service ---
[INFO] Nothing to compile - all classes are up to date.
[INFO] 
[INFO] --- resources:3.3.1:testResources (default-testResources) @ pos-service ---
[INFO] Copying 1 resource from src/test/resources to target/test-classes
[INFO] 
[INFO] --- compiler:3.14.1:testCompile (default-testCompile) @ pos-service ---
[INFO] Nothing to compile - all classes are up to date.
[INFO] 
[INFO] <<< spring-boot:3.5.8:run (default-cli) < test-compile @ pos-service <<<
[INFO] 
[INFO] 
[INFO] --- spring-boot:3.5.8:run (default-cli) @ pos-service ---
[INFO] Attaching agents: []

  .   ____          _            __ _ _
 /\\ / ___'_ __ _ _(_)_ __  __ _ \ \ \ \
( ( )\___ | '_ | '_| | '_ \/ _` | \ \ \ \
 \\/  ___)| |_)| | | | | || (_| |  ) ) ) )
  '  |____| .__|_| |_|_| |_\__, | / / / /
 =========|_|==============|___/=/_/_/_/

 :: Spring Boot ::                (v3.5.8)

2026-04-01T15:50:32.889+07:00  INFO 85601 --- [pos-service] [           main] c.fern.posservice.PosServiceApplication  : Starting PosServiceApplication using Java 24.0.2 with PID 85601 (/Users/nguyenhien/Documents/FERN/backend/services/pos-service/target/classes started by nguyenhien in /Users/nguyenhien/Documents/FERN/backend/services/pos-service)
2026-04-01T15:50:32.890+07:00  INFO 85601 --- [pos-service] [           main] c.fern.posservice.PosServiceApplication  : No active profile set, falling back to 1 default profile: "default"
2026-04-01T15:50:33.226+07:00  INFO 85601 --- [pos-service] [           main] .s.d.r.c.RepositoryConfigurationDelegate : Multiple Spring Data modules found, entering strict repository configuration mode
2026-04-01T15:50:33.227+07:00  INFO 85601 --- [pos-service] [           main] .s.d.r.c.RepositoryConfigurationDelegate : Bootstrapping Spring Data Redis repositories in DEFAULT mode.
2026-04-01T15:50:33.238+07:00  INFO 85601 --- [pos-service] [           main] .s.d.r.c.RepositoryConfigurationDelegate : Finished Spring Data repository scanning in 5 ms. Found 0 Redis repository interfaces.
2026-04-01T15:50:33.479+07:00  INFO 85601 --- [pos-service] [           main] o.s.b.w.embedded.tomcat.TomcatWebServer  : Tomcat initialized with port 8086 (http)
2026-04-01T15:50:33.485+07:00  INFO 85601 --- [pos-service] [           main] o.apache.catalina.core.StandardService   : Starting service [Tomcat]
2026-04-01T15:50:33.485+07:00  INFO 85601 --- [pos-service] [           main] o.apache.catalina.core.StandardEngine    : Starting Servlet engine: [Apache Tomcat/10.1.49]
2026-04-01T15:50:33.514+07:00  INFO 85601 --- [pos-service] [           main] o.a.c.c.C.[Tomcat].[localhost].[/]       : Initializing Spring embedded WebApplicationContext
2026-04-01T15:50:33.514+07:00  INFO 85601 --- [pos-service] [           main] w.s.c.ServletWebServerApplicationContext : Root WebApplicationContext: initialization completed in 609 ms
2026-04-01T15:50:33.662+07:00  INFO 85601 --- [pos-service] [           main] com.zaxxer.hikari.HikariDataSource       : HikariPool-1 - Starting...
2026-04-01T15:50:33.725+07:00  INFO 85601 --- [pos-service] [           main] com.zaxxer.hikari.pool.HikariPool        : HikariPool-1 - Added connection org.postgresql.jdbc.PgConnection@628962e5
2026-04-01T15:50:33.725+07:00  INFO 85601 --- [pos-service] [           main] com.zaxxer.hikari.HikariDataSource       : HikariPool-1 - Start completed.
2026-04-01T15:50:33.736+07:00  INFO 85601 --- [pos-service] [           main] org.flywaydb.core.FlywayExecutor         : Database: jdbc:postgresql://127.0.0.1:55432/fern_operational?currentSchema=pos (PostgreSQL 17.9)
2026-04-01T15:50:33.755+07:00  INFO 85601 --- [pos-service] [           main] o.f.core.internal.command.DbValidate     : Successfully validated 7 migrations (execution time 00:00.010s)
2026-04-01T15:50:33.771+07:00  INFO 85601 --- [pos-service] [           main] o.f.core.internal.command.DbMigrate      : Current version of schema "pos": 6
2026-04-01T15:50:33.773+07:00  INFO 85601 --- [pos-service] [           main] o.f.core.internal.command.DbMigrate      : Schema "pos" is up to date. No migration necessary.
WARNING: A terminally deprecated method in sun.misc.Unsafe has been called
WARNING: sun.misc.Unsafe::allocateMemory has been called by io.netty.util.internal.PlatformDependent0$2 (file:/Users/nguyenhien/.m2/repository/io/netty/netty-common/4.1.128.Final/netty-common-4.1.128.Final.jar)
WARNING: Please consider reporting this to the maintainers of class io.netty.util.internal.PlatformDependent0$2
WARNING: sun.misc.Unsafe::allocateMemory will be removed in a future release
2026-04-01T15:50:33.992+07:00  WARN 85601 --- [pos-service] [           main] .s.s.UserDetailsServiceAutoConfiguration : 

Using generated security password: 9fb27044-1405-4de6-ae29-307bca06c428

This generated password is for development use only. Your security configuration must be updated before running your application in production.

2026-04-01T15:50:33.994+07:00  INFO 85601 --- [pos-service] [           main] r$InitializeUserDetailsManagerConfigurer : Global AuthenticationManager configured with UserDetailsService bean with name inMemoryUserDetailsManager
2026-04-01T15:50:34.096+07:00  INFO 85601 --- [pos-service] [           main] o.s.b.a.e.web.EndpointLinksResolver      : Exposing 4 endpoints beneath base path '/actuator'
2026-04-01T15:50:34.254+07:00  INFO 85601 --- [pos-service] [           main] o.s.b.w.embedded.tomcat.TomcatWebServer  : Tomcat started on port 8086 (http) with context path '/'
2026-04-01T15:50:34.261+07:00  INFO 85601 --- [pos-service] [           main] c.fern.posservice.PosServiceApplication  : Started PosServiceApplication in 1.51 seconds (process running for 1.618)
2026-04-01T15:51:02.205+07:00  INFO 85601 --- [pos-service] [nio-8086-exec-1] o.a.c.c.C.[Tomcat].[localhost].[/]       : Initializing Spring DispatcherServlet 'dispatcherServlet'
2026-04-01T15:51:02.206+07:00  INFO 85601 --- [pos-service] [nio-8086-exec-1] o.s.web.servlet.DispatcherServlet        : Initializing Servlet 'dispatcherServlet'
2026-04-01T15:51:02.207+07:00  INFO 85601 --- [pos-service] [nio-8086-exec-1] o.s.web.servlet.DispatcherServlet        : Completed initialization in 1 ms
2026-04-01T15:54:04.569+07:00  INFO 85601 --- [pos-service] [   scheduling-1] o.a.k.clients.producer.ProducerConfig    : ProducerConfig values: 
	acks = -1
	auto.include.jmx.reporter = true
	batch.size = 16384
	bootstrap.servers = [localhost:9092]
	buffer.memory = 33554432
	client.dns.lookup = use_all_dns_ips
	client.id = pos-service-producer-1
	compression.gzip.level = -1
	compression.lz4.level = 9
	compression.type = none
	compression.zstd.level = 3
	connections.max.idle.ms = 540000
	delivery.timeout.ms = 120000
	enable.idempotence = true
	enable.metrics.push = true
	interceptor.classes = []
	key.serializer = class org.apache.kafka.common.serialization.StringSerializer
	linger.ms = 0
	max.block.ms = 60000
	max.in.flight.requests.per.connection = 5
	max.request.size = 1048576
	metadata.max.age.ms = 300000
	metadata.max.idle.ms = 300000
	metadata.recovery.strategy = none
	metric.reporters = []
	metrics.num.samples = 2
	metrics.recording.level = INFO
	metrics.sample.window.ms = 30000
	partitioner.adaptive.partitioning.enable = true
	partitioner.availability.timeout.ms = 0
	partitioner.class = null
	partitioner.ignore.keys = false
	receive.buffer.bytes = 32768
	reconnect.backoff.max.ms = 1000
	reconnect.backoff.ms = 50
	request.timeout.ms = 30000
	retries = 2147483647
	retry.backoff.max.ms = 1000
	retry.backoff.ms = 100
	sasl.client.callback.handler.class = null
	sasl.jaas.config = null
	sasl.kerberos.kinit.cmd = /usr/bin/kinit
	sasl.kerberos.min.time.before.relogin = 60000
	sasl.kerberos.service.name = null
	sasl.kerberos.ticket.renew.jitter = 0.05
	sasl.kerberos.ticket.renew.window.factor = 0.8
	sasl.login.callback.handler.class = null
	sasl.login.class = null
	sasl.login.connect.timeout.ms = null
	sasl.login.read.timeout.ms = null
	sasl.login.refresh.buffer.seconds = 300
	sasl.login.refresh.min.period.seconds = 60
	sasl.login.refresh.window.factor = 0.8
	sasl.login.refresh.window.jitter = 0.05
	sasl.login.retry.backoff.max.ms = 10000
	sasl.login.retry.backoff.ms = 100
	sasl.mechanism = GSSAPI
	sasl.oauthbearer.clock.skew.seconds = 30
	sasl.oauthbearer.expected.audience = null
	sasl.oauthbearer.expected.issuer = null
	sasl.oauthbearer.header.urlencode = false
	sasl.oauthbearer.jwks.endpoint.refresh.ms = 3600000
	sasl.oauthbearer.jwks.endpoint.retry.backoff.max.ms = 10000
	sasl.oauthbearer.jwks.endpoint.retry.backoff.ms = 100
	sasl.oauthbearer.jwks.endpoint.url = null
	sasl.oauthbearer.scope.claim.name = scope
	sasl.oauthbearer.sub.claim.name = sub
	sasl.oauthbearer.token.endpoint.url = null
	security.protocol = PLAINTEXT
	security.providers = null
	send.buffer.bytes = 131072
	socket.connection.setup.timeout.max.ms = 30000
	socket.connection.setup.timeout.ms = 10000
	ssl.cipher.suites = null
	ssl.enabled.protocols = [TLSv1.2, TLSv1.3]
	ssl.endpoint.identification.algorithm = https
	ssl.engine.factory.class = null
	ssl.key.password = null
	ssl.keymanager.algorithm = SunX509
	ssl.keystore.certificate.chain = null
	ssl.keystore.key = null
	ssl.keystore.location = null
	ssl.keystore.password = null
	ssl.keystore.type = JKS
	ssl.protocol = TLSv1.3
	ssl.provider = null
	ssl.secure.random.implementation = null
	ssl.trustmanager.algorithm = PKIX
	ssl.truststore.certificates = null
	ssl.truststore.location = null
	ssl.truststore.password = null
	ssl.truststore.type = JKS
	transaction.timeout.ms = 60000
	transactional.id = null
	value.serializer = class org.apache.kafka.common.serialization.StringSerializer

2026-04-01T15:54:04.588+07:00  INFO 85601 --- [pos-service] [   scheduling-1] o.a.k.c.t.i.KafkaMetricsCollector        : initializing Kafka metrics collector
2026-04-01T15:54:04.595+07:00  INFO 85601 --- [pos-service] [   scheduling-1] o.a.k.clients.producer.KafkaProducer     : [Producer clientId=pos-service-producer-1] Instantiated an idempotent producer.
2026-04-01T15:54:04.614+07:00  INFO 85601 --- [pos-service] [   scheduling-1] o.a.kafka.common.utils.AppInfoParser     : Kafka version: 3.9.1
2026-04-01T15:54:04.614+07:00  INFO 85601 --- [pos-service] [   scheduling-1] o.a.kafka.common.utils.AppInfoParser     : Kafka commitId: f745dfdcee2b9851
2026-04-01T15:54:04.614+07:00  INFO 85601 --- [pos-service] [   scheduling-1] o.a.kafka.common.utils.AppInfoParser     : Kafka startTimeMs: 1775033644613
2026-04-01T15:54:04.742+07:00  INFO 85601 --- [pos-service] [vice-producer-1] org.apache.kafka.clients.Metadata        : [Producer clientId=pos-service-producer-1] Cluster ID: 5L6g3nShT-eMCtK--X86sw
2026-04-01T15:54:04.742+07:00  INFO 85601 --- [pos-service] [vice-producer-1] o.a.k.c.p.internals.TransactionManager   : [Producer clientId=pos-service-producer-1] ProducerId set to 46 with epoch 0
2026-04-01T17:46:09.265+07:00  INFO 85601 --- [pos-service] [ionShutdownHook] o.s.b.w.e.tomcat.GracefulShutdown        : Commencing graceful shutdown. Waiting for active requests to complete
2026-04-01T17:46:09.283+07:00  INFO 85601 --- [pos-service] [tomcat-shutdown] o.s.b.w.e.tomcat.GracefulShutdown        : Graceful shutdown complete
2026-04-01T17:46:09.312+07:00  INFO 85601 --- [pos-service] [ionShutdownHook] o.a.k.clients.producer.KafkaProducer     : [Producer clientId=pos-service-producer-1] Closing the Kafka producer with timeoutMillis = 30000 ms.
2026-04-01T17:46:09.317+07:00  INFO 85601 --- [pos-service] [ionShutdownHook] o.apache.kafka.common.metrics.Metrics    : Metrics scheduler closed
2026-04-01T17:46:09.317+07:00  INFO 85601 --- [pos-service] [ionShutdownHook] o.apache.kafka.common.metrics.Metrics    : Closing reporter org.apache.kafka.common.metrics.JmxReporter
2026-04-01T17:46:09.317+07:00  INFO 85601 --- [pos-service] [ionShutdownHook] o.apache.kafka.common.metrics.Metrics    : Closing reporter org.apache.kafka.common.telemetry.internals.ClientTelemetryReporter
2026-04-01T17:46:09.317+07:00  INFO 85601 --- [pos-service] [ionShutdownHook] o.apache.kafka.common.metrics.Metrics    : Metrics reporters closed
2026-04-01T17:46:09.320+07:00  INFO 85601 --- [pos-service] [ionShutdownHook] o.a.kafka.common.utils.AppInfoParser     : App info kafka.producer for pos-service-producer-1 unregistered
2026-04-01T17:46:09.336+07:00  INFO 85601 --- [pos-service] [ionShutdownHook] com.zaxxer.hikari.HikariDataSource       : HikariPool-1 - Shutdown initiated...
2026-04-01T17:46:09.343+07:00  INFO 85601 --- [pos-service] [ionShutdownHook] com.zaxxer.hikari.HikariDataSource       : HikariPool-1 - Shutdown completed.
[INFO] ------------------------------------------------------------------------
[INFO] BUILD FAILURE
[INFO] ------------------------------------------------------------------------
[INFO] Total time:  01:55 h
[INFO] Finished at: 2026-04-01T17:46:09+07:00
[INFO] ------------------------------------------------------------------------
[ERROR] Failed to execute goal org.springframework.boot:spring-boot-maven-plugin:3.5.8:run (default-cli) on project pos-service: Process terminated with exit code: 143 -> [Help 1]
[ERROR] 
[ERROR] To see the full stack trace of the errors, re-run Maven with the -e switch.
[ERROR] Re-run Maven using the -X switch to enable full debug logging.
[ERROR] 
[ERROR] For more information about the errors and possible solutions, please read the following articles:
[ERROR] [Help 1] http://cwiki.apache.org/confluence/display/MAVEN/MojoExecutionException
