[INFO] Scanning for projects...
[INFO] 
[INFO] --------------------< com.fern:procurement-service >--------------------
[INFO] Building procurement-service 1.0-SNAPSHOT
[INFO]   from pom.xml
[INFO] --------------------------------[ jar ]---------------------------------
[INFO] 
[INFO] >>> spring-boot:3.5.8:run (default-cli) > test-compile @ procurement-service >>>
[INFO] 
[INFO] --- resources:3.3.1:resources (default-resources) @ procurement-service ---
[INFO] Copying 1 resource from src/main/resources to target/classes
[INFO] Copying 7 resources from src/main/resources to target/classes
[INFO] 
[INFO] --- compiler:3.14.1:compile (default-compile) @ procurement-service ---
[INFO] Recompiling the module because of changed source code.
[INFO] Compiling 21 source files with javac [debug parameters release 21] to target/classes
[INFO] 
[INFO] --- resources:3.3.1:testResources (default-testResources) @ procurement-service ---
[INFO] skip non existing resourceDirectory /Users/nguyenhien/Documents/FERN/backend/services/procurement-service/src/test/resources
[INFO] 
[INFO] --- compiler:3.14.1:testCompile (default-testCompile) @ procurement-service ---
[INFO] Recompiling the module because of changed dependency.
[INFO] Compiling 6 source files with javac [debug parameters release 21] to target/test-classes
[INFO] /Users/nguyenhien/Documents/FERN/backend/services/procurement-service/src/test/java/com/fern/procurementservice/service/ProcurementOutboxPublisherTest.java: /Users/nguyenhien/Documents/FERN/backend/services/procurement-service/src/test/java/com/fern/procurementservice/service/ProcurementOutboxPublisherTest.java uses unchecked or unsafe operations.
[INFO] /Users/nguyenhien/Documents/FERN/backend/services/procurement-service/src/test/java/com/fern/procurementservice/service/ProcurementOutboxPublisherTest.java: Recompile with -Xlint:unchecked for details.
[INFO] 
[INFO] <<< spring-boot:3.5.8:run (default-cli) < test-compile @ procurement-service <<<
[INFO] 
[INFO] 
[INFO] --- spring-boot:3.5.8:run (default-cli) @ procurement-service ---
[INFO] Attaching agents: []

  .   ____          _            __ _ _
 /\\ / ___'_ __ _ _(_)_ __  __ _ \ \ \ \
( ( )\___ | '_ | '_| | '_ \/ _` | \ \ \ \
 \\/  ___)| |_)| | | | | || (_| |  ) ) ) )
  '  |____| .__|_| |_|_| |_\__, | / / / /
 =========|_|==============|___/=/_/_/_/

 :: Spring Boot ::                (v3.5.8)

2026-04-01T13:32:57.543+07:00  INFO 87227 --- [procurement-service] [           main] c.f.p.ProcurementServiceApplication      : Starting ProcurementServiceApplication using Java 24.0.2 with PID 87227 (/Users/nguyenhien/Documents/FERN/backend/services/procurement-service/target/classes started by nguyenhien in /Users/nguyenhien/Documents/FERN/backend/services/procurement-service)
2026-04-01T13:32:57.546+07:00  INFO 87227 --- [procurement-service] [           main] c.f.p.ProcurementServiceApplication      : The following 1 profile is active: "local"
2026-04-01T13:32:58.415+07:00  INFO 87227 --- [procurement-service] [           main] .s.d.r.c.RepositoryConfigurationDelegate : Multiple Spring Data modules found, entering strict repository configuration mode
2026-04-01T13:32:58.416+07:00  INFO 87227 --- [procurement-service] [           main] .s.d.r.c.RepositoryConfigurationDelegate : Bootstrapping Spring Data Redis repositories in DEFAULT mode.
2026-04-01T13:32:58.439+07:00  INFO 87227 --- [procurement-service] [           main] .s.d.r.c.RepositoryConfigurationDelegate : Finished Spring Data repository scanning in 12 ms. Found 0 Redis repository interfaces.
2026-04-01T13:32:58.998+07:00  INFO 87227 --- [procurement-service] [           main] o.s.b.w.embedded.tomcat.TomcatWebServer  : Tomcat initialized with port 8088 (http)
2026-04-01T13:32:59.037+07:00  INFO 87227 --- [procurement-service] [           main] o.apache.catalina.core.StandardService   : Starting service [Tomcat]
2026-04-01T13:32:59.037+07:00  INFO 87227 --- [procurement-service] [           main] o.apache.catalina.core.StandardEngine    : Starting Servlet engine: [Apache Tomcat/10.1.49]
2026-04-01T13:32:59.082+07:00  INFO 87227 --- [procurement-service] [           main] o.a.c.c.C.[Tomcat].[localhost].[/]       : Initializing Spring embedded WebApplicationContext
2026-04-01T13:32:59.082+07:00  INFO 87227 --- [procurement-service] [           main] w.s.c.ServletWebServerApplicationContext : Root WebApplicationContext: initialization completed in 1473 ms
2026-04-01T13:32:59.563+07:00  INFO 87227 --- [procurement-service] [           main] com.zaxxer.hikari.HikariDataSource       : HikariPool-1 - Starting...
2026-04-01T13:32:59.744+07:00  INFO 87227 --- [procurement-service] [           main] com.zaxxer.hikari.pool.HikariPool        : HikariPool-1 - Added connection org.postgresql.jdbc.PgConnection@3c544c9
2026-04-01T13:32:59.745+07:00  INFO 87227 --- [procurement-service] [           main] com.zaxxer.hikari.HikariDataSource       : HikariPool-1 - Start completed.
2026-04-01T13:32:59.772+07:00  INFO 87227 --- [procurement-service] [           main] org.flywaydb.core.FlywayExecutor         : Database: jdbc:postgresql://127.0.0.1:55432/fern_master?currentSchema=procurement_master (PostgreSQL 17.9)
2026-04-01T13:32:59.857+07:00  INFO 87227 --- [procurement-service] [           main] o.f.core.internal.command.DbValidate     : Successfully validated 3 migrations (execution time 00:00.027s)
2026-04-01T13:32:59.920+07:00  INFO 87227 --- [procurement-service] [           main] o.f.core.internal.command.DbMigrate      : Current version of schema "procurement_master": 2
2026-04-01T13:32:59.926+07:00  INFO 87227 --- [procurement-service] [           main] o.f.core.internal.command.DbMigrate      : Schema "procurement_master" is up to date. No migration necessary.
2026-04-01T13:33:00.014+07:00  INFO 87227 --- [procurement-service] [           main] com.zaxxer.hikari.HikariDataSource       : HikariPool-2 - Starting...
2026-04-01T13:33:00.062+07:00  INFO 87227 --- [procurement-service] [           main] com.zaxxer.hikari.pool.HikariPool        : HikariPool-2 - Added connection org.postgresql.jdbc.PgConnection@27e21083
2026-04-01T13:33:00.063+07:00  INFO 87227 --- [procurement-service] [           main] com.zaxxer.hikari.HikariDataSource       : HikariPool-2 - Start completed.
2026-04-01T13:33:00.077+07:00  INFO 87227 --- [procurement-service] [           main] org.flywaydb.core.FlywayExecutor         : Database: jdbc:postgresql://127.0.0.1:55432/fern_operational?currentSchema=procurement (PostgreSQL 17.9)
2026-04-01T13:33:00.146+07:00  INFO 87227 --- [procurement-service] [           main] o.f.core.internal.command.DbValidate     : Successfully validated 6 migrations (execution time 00:00.016s)
2026-04-01T13:33:00.240+07:00  INFO 87227 --- [procurement-service] [           main] o.f.core.internal.command.DbMigrate      : Current version of schema "procurement": 5
2026-04-01T13:33:00.244+07:00  INFO 87227 --- [procurement-service] [           main] o.f.core.internal.command.DbMigrate      : Schema "procurement" is up to date. No migration necessary.
WARNING: A terminally deprecated method in sun.misc.Unsafe has been called
WARNING: sun.misc.Unsafe::allocateMemory has been called by io.netty.util.internal.PlatformDependent0$2 (file:/Users/nguyenhien/.m2/repository/io/netty/netty-common/4.1.128.Final/netty-common-4.1.128.Final.jar)
WARNING: Please consider reporting this to the maintainers of class io.netty.util.internal.PlatformDependent0$2
WARNING: sun.misc.Unsafe::allocateMemory will be removed in a future release
2026-04-01T13:33:00.533+07:00  WARN 87227 --- [procurement-service] [           main] .s.s.UserDetailsServiceAutoConfiguration : 

Using generated security password: 60293273-b0a1-41e6-b15b-4e3fc723f637

This generated password is for development use only. Your security configuration must be updated before running your application in production.

2026-04-01T13:33:00.535+07:00  INFO 87227 --- [procurement-service] [           main] r$InitializeUserDetailsManagerConfigurer : Global AuthenticationManager configured with UserDetailsService bean with name inMemoryUserDetailsManager
2026-04-01T13:33:00.683+07:00  INFO 87227 --- [procurement-service] [           main] o.s.b.a.e.web.EndpointLinksResolver      : Exposing 4 endpoints beneath base path '/actuator'
2026-04-01T13:33:01.061+07:00  INFO 87227 --- [procurement-service] [           main] o.s.b.w.embedded.tomcat.TomcatWebServer  : Tomcat started on port 8088 (http) with context path '/'
2026-04-01T13:33:01.075+07:00  INFO 87227 --- [procurement-service] [           main] c.f.p.ProcurementServiceApplication      : Started ProcurementServiceApplication in 4.133 seconds (process running for 4.397)
2026-04-01T13:35:32.671+07:00  INFO 87227 --- [procurement-service] [nio-8088-exec-1] o.a.c.c.C.[Tomcat].[localhost].[/]       : Initializing Spring DispatcherServlet 'dispatcherServlet'
2026-04-01T13:35:32.672+07:00  INFO 87227 --- [procurement-service] [nio-8088-exec-1] o.s.web.servlet.DispatcherServlet        : Initializing Servlet 'dispatcherServlet'
2026-04-01T13:35:32.674+07:00  INFO 87227 --- [procurement-service] [nio-8088-exec-1] o.s.web.servlet.DispatcherServlet        : Completed initialization in 2 ms
2026-04-01T13:44:21.410+07:00  WARN 87227 --- [procurement-service] [l-1:housekeeper] com.zaxxer.hikari.pool.HikariPool        : HikariPool-1 - Thread starvation or clock leap detected (housekeeper delta=2m44s328ms).
2026-04-01T13:44:21.729+07:00  WARN 87227 --- [procurement-service] [l-2:housekeeper] com.zaxxer.hikari.pool.HikariPool        : HikariPool-2 - Thread starvation or clock leap detected (housekeeper delta=2m44s332ms).
2026-04-01T13:48:07.356+07:00  WARN 87227 --- [procurement-service] [l-1:housekeeper] com.zaxxer.hikari.pool.HikariPool        : HikariPool-1 - Thread starvation or clock leap detected (housekeeper delta=3m45s947ms).
2026-04-01T13:48:07.672+07:00  WARN 87227 --- [procurement-service] [l-2:housekeeper] com.zaxxer.hikari.pool.HikariPool        : HikariPool-2 - Thread starvation or clock leap detected (housekeeper delta=3m45s943ms).
2026-04-01T13:49:24.103+07:00  WARN 87227 --- [procurement-service] [l-1:housekeeper] com.zaxxer.hikari.pool.HikariPool        : HikariPool-1 - Thread starvation or clock leap detected (housekeeper delta=46s736ms).
2026-04-01T13:49:24.409+07:00  WARN 87227 --- [procurement-service] [l-2:housekeeper] com.zaxxer.hikari.pool.HikariPool        : HikariPool-2 - Thread starvation or clock leap detected (housekeeper delta=46s733ms).
2026-04-01T14:01:10.511+07:00  WARN 87227 --- [procurement-service] [l-1:housekeeper] com.zaxxer.hikari.pool.HikariPool        : HikariPool-1 - Thread starvation or clock leap detected (housekeeper delta=11m46s407ms).
2026-04-01T14:01:10.814+07:00  WARN 87227 --- [procurement-service] [l-2:housekeeper] com.zaxxer.hikari.pool.HikariPool        : HikariPool-2 - Thread starvation or clock leap detected (housekeeper delta=11m46s405ms).
2026-04-01T17:46:09.419+07:00  INFO 87227 --- [procurement-service] [ionShutdownHook] o.s.b.w.e.tomcat.GracefulShutdown        : Commencing graceful shutdown. Waiting for active requests to complete
2026-04-01T17:46:09.436+07:00  INFO 87227 --- [procurement-service] [tomcat-shutdown] o.s.b.w.e.tomcat.GracefulShutdown        : Graceful shutdown complete
2026-04-01T17:46:09.538+07:00  INFO 87227 --- [procurement-service] [ionShutdownHook] com.zaxxer.hikari.HikariDataSource       : HikariPool-2 - Shutdown initiated...
2026-04-01T17:46:09.549+07:00  INFO 87227 --- [procurement-service] [ionShutdownHook] com.zaxxer.hikari.HikariDataSource       : HikariPool-2 - Shutdown completed.
2026-04-01T17:46:09.549+07:00  INFO 87227 --- [procurement-service] [ionShutdownHook] com.zaxxer.hikari.HikariDataSource       : HikariPool-1 - Shutdown initiated...
2026-04-01T17:46:09.551+07:00  INFO 87227 --- [procurement-service] [ionShutdownHook] com.zaxxer.hikari.HikariDataSource       : HikariPool-1 - Shutdown completed.
[INFO] ------------------------------------------------------------------------
[INFO] BUILD FAILURE
[INFO] ------------------------------------------------------------------------
[INFO] Total time:  04:13 h
[INFO] Finished at: 2026-04-01T17:46:09+07:00
[INFO] ------------------------------------------------------------------------
[ERROR] Failed to execute goal org.springframework.boot:spring-boot-maven-plugin:3.5.8:run (default-cli) on project procurement-service: Process terminated with exit code: 143 -> [Help 1]
[ERROR] 
[ERROR] To see the full stack trace of the errors, re-run Maven with the -e switch.
[ERROR] Re-run Maven using the -X switch to enable full debug logging.
[ERROR] 
[ERROR] For more information about the errors and possible solutions, please read the following articles:
[ERROR] [Help 1] http://cwiki.apache.org/confluence/display/MAVEN/MojoExecutionException
